Archive member included to satisfy reference by file (symbol)

/opt/homebrew/Cellar/arm-none-eabi-gcc/10.3-2021.07/gcc/bin/../lib/gcc/arm-none-eabi/10.3.1/thumb/v6-m/nofp/libgcc.a(_dvmd_tls.o)
                              CMakeFiles/test.dir/Users/jonah/pico/pico-sdk/src/rp2_common/pico_divider/divider.S.obj (__aeabi_idiv0)
/opt/homebrew/Cellar/arm-none-eabi-gcc/10.3-2021.07/gcc/bin/../lib/gcc/arm-none-eabi/10.3.1/../../../../arm-none-eabi/lib/thumb/v6-m/nofp/libc.a(lib_a-atoll.o)
                              CMakeFiles/test.dir/main.cpp.obj (atoll)
/opt/homebrew/Cellar/arm-none-eabi-gcc/10.3-2021.07/gcc/bin/../lib/gcc/arm-none-eabi/10.3.1/../../../../arm-none-eabi/lib/thumb/v6-m/nofp/libc.a(lib_a-calloc.o)
                              CMakeFiles/test.dir/Users/jonah/pico/pico-sdk/src/rp2_common/pico_malloc/pico_malloc.c.obj (calloc)
/opt/homebrew/Cellar/arm-none-eabi-gcc/10.3-2021.07/gcc/bin/../lib/gcc/arm-none-eabi/10.3.1/../../../../arm-none-eabi/lib/thumb/v6-m/nofp/libc.a(lib_a-callocr.o)
                              /opt/homebrew/Cellar/arm-none-eabi-gcc/10.3-2021.07/gcc/bin/../lib/gcc/arm-none-eabi/10.3.1/../../../../arm-none-eabi/lib/thumb/v6-m/nofp/libc.a(lib_a-calloc.o) (_calloc_r)
/opt/homebrew/Cellar/arm-none-eabi-gcc/10.3-2021.07/gcc/bin/../lib/gcc/arm-none-eabi/10.3.1/../../../../arm-none-eabi/lib/thumb/v6-m/nofp/libc.a(lib_a-difftime.o)
                              CMakeFiles/test.dir/main.cpp.obj (difftime)
/opt/homebrew/Cellar/arm-none-eabi-gcc/10.3-2021.07/gcc/bin/../lib/gcc/arm-none-eabi/10.3.1/../../../../arm-none-eabi/lib/thumb/v6-m/nofp/libc.a(lib_a-errno.o)
                              /opt/homebrew/Cellar/arm-none-eabi-gcc/10.3-2021.07/gcc/bin/../lib/gcc/arm-none-eabi/10.3.1/../../../../arm-none-eabi/lib/thumb/v6-m/nofp/libc.a(lib_a-callocr.o) (__errno)
/opt/homebrew/Cellar/arm-none-eabi-gcc/10.3-2021.07/gcc/bin/../lib/gcc/arm-none-eabi/10.3.1/../../../../arm-none-eabi/lib/thumb/v6-m/nofp/libc.a(lib_a-impure.o)
                              /opt/homebrew/Cellar/arm-none-eabi-gcc/10.3-2021.07/gcc/bin/../lib/gcc/arm-none-eabi/10.3.1/../../../../arm-none-eabi/lib/thumb/v6-m/nofp/libc.a(lib_a-calloc.o) (_impure_ptr)
/opt/homebrew/Cellar/arm-none-eabi-gcc/10.3-2021.07/gcc/bin/../lib/gcc/arm-none-eabi/10.3.1/../../../../arm-none-eabi/lib/thumb/v6-m/nofp/libc.a(lib_a-init.o)
                              /opt/homebrew/Cellar/arm-none-eabi-gcc/10.3-2021.07/gcc/bin/../lib/gcc/arm-none-eabi/10.3.1/../../../../arm-none-eabi/lib/thumb/v6-m/nofp/crt0.o (__libc_init_array)
/opt/homebrew/Cellar/arm-none-eabi-gcc/10.3-2021.07/gcc/bin/../lib/gcc/arm-none-eabi/10.3.1/../../../../arm-none-eabi/lib/thumb/v6-m/nofp/libc.a(lib_a-malloc.o)
                              CMakeFiles/test.dir/Users/jonah/pico/pico-sdk/src/rp2_common/pico_malloc/pico_malloc.c.obj (malloc)
/opt/homebrew/Cellar/arm-none-eabi-gcc/10.3-2021.07/gcc/bin/../lib/gcc/arm-none-eabi/10.3.1/../../../../arm-none-eabi/lib/thumb/v6-m/nofp/libc.a(lib_a-mallocr.o)
                              /opt/homebrew/Cellar/arm-none-eabi-gcc/10.3-2021.07/gcc/bin/../lib/gcc/arm-none-eabi/10.3.1/../../../../arm-none-eabi/lib/thumb/v6-m/nofp/libc.a(lib_a-callocr.o) (_malloc_r)
/opt/homebrew/Cellar/arm-none-eabi-gcc/10.3-2021.07/gcc/bin/../lib/gcc/arm-none-eabi/10.3.1/../../../../arm-none-eabi/lib/thumb/v6-m/nofp/libc.a(lib_a-memcmp.o)
                              CMakeFiles/test.dir/littlefs-lib/lfs.c.obj (memcmp)
/opt/homebrew/Cellar/arm-none-eabi-gcc/10.3-2021.07/gcc/bin/../lib/gcc/arm-none-eabi/10.3.1/../../../../arm-none-eabi/lib/thumb/v6-m/nofp/libc.a(lib_a-memmove.o)
                              CMakeFiles/test.dir/AlgoVari.cpp.obj (memmove)
/opt/homebrew/Cellar/arm-none-eabi-gcc/10.3-2021.07/gcc/bin/../lib/gcc/arm-none-eabi/10.3.1/../../../../arm-none-eabi/lib/thumb/v6-m/nofp/libc.a(lib_a-mktime.o)
                              CMakeFiles/test.dir/main.cpp.obj (mktime)
/opt/homebrew/Cellar/arm-none-eabi-gcc/10.3-2021.07/gcc/bin/../lib/gcc/arm-none-eabi/10.3.1/../../../../arm-none-eabi/lib/thumb/v6-m/nofp/libc.a(lib_a-mlock.o)
                              /opt/homebrew/Cellar/arm-none-eabi-gcc/10.3-2021.07/gcc/bin/../lib/gcc/arm-none-eabi/10.3.1/../../../../arm-none-eabi/lib/thumb/v6-m/nofp/libc.a(lib_a-mallocr.o) (__malloc_lock)
/opt/homebrew/Cellar/arm-none-eabi-gcc/10.3-2021.07/gcc/bin/../lib/gcc/arm-none-eabi/10.3.1/../../../../arm-none-eabi/lib/thumb/v6-m/nofp/libc.a(lib_a-rand.o)
                              CMakeFiles/test.dir/main.cpp.obj (srand)
/opt/homebrew/Cellar/arm-none-eabi-gcc/10.3-2021.07/gcc/bin/../lib/gcc/arm-none-eabi/10.3.1/../../../../arm-none-eabi/lib/thumb/v6-m/nofp/libc.a(lib_a-random.o)
                              CMakeFiles/test.dir/jfunc.cpp.obj (srandom)
/opt/homebrew/Cellar/arm-none-eabi-gcc/10.3-2021.07/gcc/bin/../lib/gcc/arm-none-eabi/10.3.1/../../../../arm-none-eabi/lib/thumb/v6-m/nofp/libc.a(lib_a-realloc.o)
[...]
Memory Configuration

Name             Origin             Length             Attributes
FLASH            0x0000000010000000 0x0000000000200000 xr
RAM              0x0000000020000000 0x0000000000040000 xrw
SCRATCH_X        0x0000000020040000 0x0000000000001000 xrw
SCRATCH_Y        0x0000000020041000 0x0000000000001000 xrw
*default*        0x0000000000000000 0xffffffffffffffff

Linker script and memory map

LOAD /opt/homebrew/Cellar/arm-none-eabi-gcc/10.3-2021.07/gcc/bin/../lib/gcc/arm-none-eabi/10.3.1/thumb/v6-m/nofp/crti.o
LOAD /opt/homebrew/Cellar/arm-none-eabi-gcc/10.3-2021.07/gcc/bin/../lib/gcc/arm-none-eabi/10.3.1/thumb/v6-m/nofp/crtbegin.o
LOAD /opt/homebrew/Cellar/arm-none-eabi-gcc/10.3-2021.07/gcc/bin/../lib/gcc/arm-none-eabi/10.3.1/../../../../arm-none-eabi/lib/thumb/v6-m/nofp/crt0.o

.flash_begin    0x0000000010000000        0x0
                0x0000000010000000                __flash_binary_start = .

.boot2          0x0000000010000000      0x100
                0x0000000010000000                __boot2_start__ = .
 *(.boot2)
 .boot2         0x0000000010000000      0x100 /var/folders/fq/wmz1g5w10fx__flx76qdnhl00000gn/T//cc72U4Bs.o
                0x0000000010000100                __boot2_end__ = .
                0x0000000000000001                ASSERT (((__boot2_end__ - __boot2_start__) == 0x100), ERROR: Pico second stage bootloader must be 256 bytes in size)

.text           0x0000000010000100    0x14eb0
                0x0000000010000100                __logical_binary_start = .
 *(.vectors)
 .vectors       0x0000000010000100       0xd4 CMakeFiles/test.dir/Users/jonah/pico/pico-sdk/src/rp2_common/pico_standard_link/crt0.S.obj
                0x0000000010000100                __VECTOR_TABLE
                0x0000000010000100                __vectors
                0x00000000100001c0                __default_isrs_start
                0x00000000100001c0                isr_invalid
                0x00000000100001c2                isr_nmi
                0x00000000100001c4                isr_hardfault
                0x00000000100001c6                isr_svcall
                0x00000000100001c8                isr_pendsv
                0x00000000100001ca                isr_systick
                0x00000000100001cc                isr_irq28
                0x00000000100001cc                isr_irq19
                0x00000000100001cc                isr_irq0
                0x00000000100001cc                isr_irq6
                0x00000000100001cc                isr_irq22
                0x00000000100001cc                isr_irq17
                0x00000000100001cc                isr_irq14
                0x00000000100001cc                isr_irq2
                0x00000000100001cc                isr_irq10
                0x00000000100001cc                isr_irq8
                0x00000000100001cc                isr_irq24
                0x00000000100001cc                isr_irq1
                0x00000000100001cc                isr_irq7
                0x00000000100001cc                isr_irq21
                0x00000000100001cc                isr_irq20
                0x00000000100001cc                isr_irq15
                0x00000000100001cc                isr_irq25
                0x00000000100001cc                isr_irq4
                0x00000000100001cc                isr_irq16
                0x00000000100001cc                isr_irq29
                0x00000000100001cc                isr_irq26
                0x00000000100001cc                __default_isrs_end
                0x00000000100001cc                isr_irq3
                0x00000000100001cc                isr_irq9
                0x00000000100001cc                __unhandled_user_irq
                0x00000000100001cc                isr_irq13
                0x00000000100001cc                isr_irq27
                0x00000000100001cc                isr_irq31
                0x00000000100001cc                isr_irq5
                0x00000000100001cc                isr_irq11
                0x00000000100001cc                isr_irq23
                0x00000000100001cc                isr_irq18
                0x00000000100001cc                isr_irq30
                0x00000000100001cc                isr_irq12
                0x00000000100001d2                unhandled_user_irq_num_in_r0
 *(.binary_info_header)
 .binary_info_header
                0x00000000100001d4       0x14 CMakeFiles/test.dir/Users/jonah/pico/pico-sdk/src/rp2_common/pico_standard_link/crt0.S.obj
                0x00000000100001e8                __binary_info_header_end = .
 *(.reset)
 .reset         0x00000000100001e8       0xa8 CMakeFiles/test.dir/Users/jonah/pico/pico-sdk/src/rp2_common/pico_standard_link/crt0.S.obj
                0x00000000100001e8                _entry_point
                0x0000000010000266                __get_current_exception
 .reset         0x0000000010000290       0x30 CMakeFiles/test.dir/Users/jonah/pico/pico-sdk/src/rp2_common/pico_standard_link/binary_info.c.obj
 *(.init)
 .init          0x00000000100002c0        0x4 /opt/homebrew/Cellar/arm-none-eabi-gcc/10.3-2021.07/gcc/bin/../lib/gcc/arm-none-eabi/10.3.1/thumb/v6-m/nofp/crti.o
                0x00000000100002c0                _init
 *(EXCLUDE_FILE(*libm.a: *libc.a:*lib_a-mem*.o *libgcc.a:) .text*)
 .text          0x00000000100002c4       0x48 /opt/homebrew/Cellar/arm-none-eabi-gcc/10.3-2021.07/gcc/bin/../lib/gcc/arm-none-eabi/10.3.1/thumb/v6-m/nofp/crtbegin.o
 .text._Z6randoml
                0x000000001000030c       0x18 CMakeFiles/test.dir/jfunc.cpp.obj
                0x000000001000030c                random(long)
 .text._Z6randomll
                0x0000000010000324       0x1c CMakeFiles/test.dir/jfunc.cpp.obj
                0x0000000010000324                random(long, long)
 .text._Z3maplllll
                0x0000000010000340       0x18 CMakeFiles/test.dir/jfunc.cpp.obj
                0x0000000010000340                map(long, long, long, long, long)
 .text._Z5setupv
                0x0000000010000358      0x14c CMakeFiles/test.dir/main.cpp.obj
                0x0000000010000358                setup()
 .text._Z9fileSetupv
                0x00000000100004a4      0x2b4 CMakeFiles/test.dir/main.cpp.obj
                0x00000000100004a4                fileSetup()
 .text._Z10clockSetupv
                0x0000000010000758      0x370 CMakeFiles/test.dir/main.cpp.obj
                0x0000000010000758                clockSetup()
 .text._Z9algoSetupv
                0x0000000010000ac8      0x3f4 CMakeFiles/test.dir/main.cpp.obj
                0x0000000010000ac8                algoSetup()
 .text._Z13midnightCheckv
                0x0000000010000ebc      0x30c CMakeFiles/test.dir/main.cpp.obj
                0x0000000010000ebc                midnightCheck()
 .text._Z4loopv
                0x00000000100011c8      0x3f0 CMakeFiles/test.dir/main.cpp.obj
                0x00000000100011c8                loop()
 .text.startup.main
                0x00000000100015b8      0x7cc CMakeFiles/test.dir/main.cpp.obj
                0x00000000100015b8                main
 .text.startup._GLOBAL__sub_I_testVarCycle
                0x0000000010001d84       0x48 CMakeFiles/test.dir/main.cpp.obj
 .text._ZN9AlgoPlainC2Eiiii
                0x0000000010001dcc       0x94 CMakeFiles/test.dir/AlgoPlain.cpp.obj
                0x0000000010001dcc                AlgoPlain::AlgoPlain(int, int, int, int)
                0x0000000010001dcc                AlgoPlain::AlgoPlain(int, int, int, int)
 .text._ZN9AlgoPlain4initEv
                0x0000000010001e60       0xe0 CMakeFiles/test.dir/AlgoPlain.cpp.obj
                0x0000000010001e60                AlgoPlain::init()
 .text._ZN9AlgoPlain4tickEi
                0x0000000010001f40      0x178 CMakeFiles/test.dir/AlgoPlain.cpp.obj
                0x0000000010001f40                AlgoPlain::tick(int)
 .text._ZN9AlgoReichC2Eiiii
                0x00000000100020b8       0x6c CMakeFiles/test.dir/AlgoReich.cpp.obj
                0x00000000100020b8                AlgoReich::AlgoReich(int, int, int, int)
                0x00000000100020b8                AlgoReich::AlgoReich(int, int, int, int)
 .text._ZN9AlgoReich4initEv
                0x0000000010002124      0x1f0 CMakeFiles/test.dir/AlgoReich.cpp.obj
                0x0000000010002124                AlgoReich::init()
 .text._ZN9AlgoReich4tickEi
                0x0000000010002314      0x1d0 CMakeFiles/test.dir/AlgoReich.cpp.obj
                0x0000000010002314                AlgoReich::tick(int)
 .text._ZN10AlgoSparseC2Eiiii
                0x00000000100024e4       0x88 CMakeFiles/test.dir/AlgoSparse.cpp.obj
                0x00000000100024e4                AlgoSparse::AlgoSparse(int, int, int, int)
                0x00000000100024e4                AlgoSparse::AlgoSparse(int, int, int, int)
 .text._ZN10AlgoSparse4initEv
                0x000000001000256c      0x178 CMakeFiles/test.dir/AlgoSparse.cpp.obj
                0x000000001000256c                AlgoSparse::init()
 .text._ZN10AlgoSparse4tickEi
                0x00000000100026e4      0x1ac CMakeFiles/test.dir/AlgoSparse.cpp.obj
                0x00000000100026e4                AlgoSparse::tick(int)
 .text._ZN8AlgoVariC2Eiii
                0x0000000010002890       0x9c CMakeFiles/test.dir/AlgoVari.cpp.obj
                0x0000000010002890                AlgoVari::AlgoVari(int, int, int)
                0x0000000010002890                AlgoVari::AlgoVari(int, int, int)
 .text._ZN8AlgoVari4initEv
                0x000000001000292c      0x11c CMakeFiles/test.dir/AlgoVari.cpp.obj
                0x000000001000292c                AlgoVari::init()
 .text._ZN8AlgoVari4tickEi
                0x0000000010002a48      0x17c CMakeFiles/test.dir/AlgoVari.cpp.obj
                0x0000000010002a48                AlgoVari::tick(int)
 .text._ZN11AlgoCultureC2Ev
                0x0000000010002bc4       0xf8 CMakeFiles/test.dir/AlgoCulture.cpp.obj
                0x0000000010002bc4                AlgoCulture::AlgoCulture()
                0x0000000010002bc4                AlgoCulture::AlgoCulture()
 .text._ZN11AlgoCulture4initEiiii
                0x0000000010002cbc      0x100 CMakeFiles/test.dir/AlgoCulture.cpp.obj
                0x0000000010002cbc                AlgoCulture::init(int, int, int, int)
 .text._ZN11AlgoCulture4tickEv
                0x0000000010002dbc       0xa0 CMakeFiles/test.dir/AlgoCulture.cpp.obj
                0x0000000010002dbc                AlgoCulture::tick()
 .text._ZN8AlgoOverC2Ev
                0x0000000010002e5c       0x70 CMakeFiles/test.dir/AlgoOver.cpp.obj
                0x0000000010002e5c                AlgoOver::AlgoOver()
                0x0000000010002e5c                AlgoOver::AlgoOver()
 .text._ZN8AlgoOver4initEiiii
                0x0000000010002ecc      0x16c CMakeFiles/test.dir/AlgoOver.cpp.obj
                0x0000000010002ecc                AlgoOver::init(int, int, int, int)
 .text._ZN8AlgoOver4tickEv
                0x0000000010003038      0x118 CMakeFiles/test.dir/AlgoOver.cpp.obj
                0x0000000010003038                AlgoOver::tick()
 .text._ZN10AlgoBlocksC2Ev
                0x0000000010003150       0x40 CMakeFiles/test.dir/AlgoBlocks.cpp.obj
                0x0000000010003150                AlgoBlocks::AlgoBlocks()
                0x0000000010003150                AlgoBlocks::AlgoBlocks()
 .text._ZN10AlgoBlocks4initEiiii
                0x0000000010003190       0x68 CMakeFiles/test.dir/AlgoBlocks.cpp.obj
                0x0000000010003190                AlgoBlocks::init(int, int, int, int)
 .text._ZN10AlgoBlocks4tickEv
                0x00000000100031f8       0x78 CMakeFiles/test.dir/AlgoBlocks.cpp.obj
                0x00000000100031f8                AlgoBlocks::tick()
 .text._ZN8AlgoWonkC2Ev
                0x0000000010003270       0x28 CMakeFiles/test.dir/AlgoWonk.cpp.obj
                0x0000000010003270                AlgoWonk::AlgoWonk()
                0x0000000010003270                AlgoWonk::AlgoWonk()
 .text._ZN8AlgoWonk4initEiiii
                0x0000000010003298       0xc8 CMakeFiles/test.dir/AlgoWonk.cpp.obj
                0x0000000010003298                AlgoWonk::init(int, int, int, int)
 .text._ZN8AlgoWonk4tickEv
                0x0000000010003360       0x78 CMakeFiles/test.dir/AlgoWonk.cpp.obj
                0x0000000010003360                AlgoWonk::tick()
 .text._ZN5Clock5resetEv
                0x00000000100033d8       0x3c CMakeFiles/test.dir/Clock.cpp.obj
                0x00000000100033d8                Clock::reset()
 .text._ZN5Clock9initClockEv
                0x0000000010003414       0x38 CMakeFiles/test.dir/Clock.cpp.obj
                0x0000000010003414                Clock::initClock()
 .text._ZN5Clock10writeClockEiiiiiii
                0x000000001000344c       0xcc CMakeFiles/test.dir/Clock.cpp.obj
                0x000000001000344c                Clock::writeClock(int, int, int, int, int, int, int)
 .text._ZN5Clock9readClockEv
                0x0000000010003518       0xac CMakeFiles/test.dir/Clock.cpp.obj
                0x0000000010003518                Clock::readClock()
 .text.gpio_set_function
                0x00000000100035c4       0x30 CMakeFiles/test.dir/Users/jonah/pico/pico-sdk/src/rp2_common/hardware_gpio/gpio.c.obj
                0x00000000100035c4                gpio_set_function
 .text.gpio_set_pulls
                0x00000000100035f4       0x30 CMakeFiles/test.dir/Users/jonah/pico/pico-sdk/src/rp2_common/hardware_gpio/gpio.c.obj
                0x00000000100035f4                gpio_set_pulls
 .text.gpio_init
                0x0000000010003624       0x3c CMakeFiles/test.dir/Users/jonah/pico/pico-sdk/src/rp2_common/hardware_gpio/gpio.c.obj
                0x0000000010003624                gpio_init
 .text.hw_claim_or_assert
                0x0000000010003660       0x44 CMakeFiles/test.dir/Users/jonah/pico/pico-sdk/src/rp2_common/hardware_claim/claim.c.obj
                0x0000000010003660                hw_claim_or_assert
 .text.hw_claim_unused_from_range
                0x00000000100036a4       0x9c CMakeFiles/test.dir/Users/jonah/pico/pico-sdk/src/rp2_common/hardware_claim/claim.c.obj
                0x00000000100036a4                hw_claim_unused_from_range
 .text.running_on_fpga
                0x0000000010003740       0x10 CMakeFiles/test.dir/Users/jonah/pico/pico-sdk/src/rp2_common/pico_platform/platform.c.obj
                0x0000000010003740                running_on_fpga
 .text.spin_locks_reset
                0x0000000010003750       0x1c CMakeFiles/test.dir/Users/jonah/pico/pico-sdk/src/rp2_common/hardware_sync/sync.c.obj
                0x0000000010003750                spin_locks_reset
 .text.next_striped_spin_lock_num
                0x000000001000376c       0x18 CMakeFiles/test.dir/Users/jonah/pico/pico-sdk/src/rp2_common/hardware_sync/sync.c.obj
                0x000000001000376c                next_striped_spin_lock_num
 .text.spin_lock_claim_unused
                0x0000000010003784       0x20 CMakeFiles/test.dir/Users/jonah/pico/pico-sdk/src/rp2_common/hardware_sync/sync.c.obj
                0x0000000010003784                spin_lock_claim_unused
 .text.irq_set_enabled
                0x00000000100037a4       0x24 CMakeFiles/test.dir/Users/jonah/pico/pico-sdk/src/rp2_common/hardware_irq/irq.c.obj
                0x00000000100037a4                irq_set_enabled
 .text.irq_set_pending
                0x00000000100037c8       0x10 CMakeFiles/test.dir/Users/jonah/pico/pico-sdk/src/rp2_common/hardware_irq/irq.c.obj
                0x00000000100037c8                irq_set_pending
 .text.irq_has_shared_handler
                0x00000000100037d8       0x2c CMakeFiles/test.dir/Users/jonah/pico/pico-sdk/src/rp2_common/hardware_irq/irq.c.obj
                0x00000000100037d8                irq_has_shared_handler
 .text.irq_get_vtable_handler
                0x0000000010003804       0x10 CMakeFiles/test.dir/Users/jonah/pico/pico-sdk/src/rp2_common/hardware_irq/irq.c.obj
                0x0000000010003804                irq_get_vtable_handler
 .text.irq_set_exclusive_handler
                0x0000000010003814       0x54 CMakeFiles/test.dir/Users/jonah/pico/pico-sdk/src/rp2_common/hardware_irq/irq.c.obj
                0x0000000010003814                irq_set_exclusive_handler
 .text.irq_add_shared_handler
                0x0000000010003868      0x1e4 CMakeFiles/test.dir/Users/jonah/pico/pico-sdk/src/rp2_common/hardware_irq/irq.c.obj
                0x0000000010003868                irq_add_shared_handler
 .text.irq_remove_handler
                0x0000000010003a4c      0x1b4 CMakeFiles/test.dir/Users/jonah/pico/pico-sdk/src/rp2_common/hardware_irq/irq.c.obj
                0x0000000010003a4c                irq_remove_handler
 .text.irq_add_tail_to_free_list
                0x0000000010003c00       0xb4 CMakeFiles/test.dir/Users/jonah/pico/pico-sdk/src/rp2_common/hardware_irq/irq.c.obj
                0x0000000010003c00                irq_add_tail_to_free_list
 .text.irq_init_priorities
                0x0000000010003cb4       0x24 CMakeFiles/test.dir/Users/jonah/pico/pico-sdk/src/rp2_common/hardware_irq/irq.c.obj
                0x0000000010003cb4                irq_init_priorities
 .text.user_irq_claim_unused
                0x0000000010003cd8       0x30 CMakeFiles/test.dir/Users/jonah/pico/pico-sdk/src/rp2_common/hardware_irq/irq.c.obj
                0x0000000010003cd8                user_irq_claim_unused
 .text.lock_init
                0x0000000010003d08       0x10 CMakeFiles/test.dir/Users/jonah/pico/pico-sdk/src/common/pico_sync/lock_core.c.obj
                0x0000000010003d08                lock_init
 .text.timer_pool_entry_comparator
                0x0000000010003d18       0x34 CMakeFiles/test.dir/Users/jonah/pico/pico-sdk/src/common/pico_time/time.c.obj
                0x0000000010003d18                timer_pool_entry_comparator
 .text.sleep_until_callback
                0x0000000010003d4c       0x30 CMakeFiles/test.dir/Users/jonah/pico/pico-sdk/src/common/pico_time/time.c.obj
 .text.add_alarm_under_lock.isra.0
                0x0000000010003d7c      0x100 CMakeFiles/test.dir/Users/jonah/pico/pico-sdk/src/common/pico_time/time.c.obj
 .text.alarm_pool_alarm_callback
                0x0000000010003e7c      0x1c8 CMakeFiles/test.dir/Users/jonah/pico/pico-sdk/src/common/pico_time/time.c.obj
 .text.alarm_pool_add_alarm_at.constprop.0
                0x0000000010004044      0x11c CMakeFiles/test.dir/Users/jonah/pico/pico-sdk/src/common/pico_time/time.c.obj
 .text.alarm_pool_init_default
                0x0000000010004160       0x64 CMakeFiles/test.dir/Users/jonah/pico/pico-sdk/src/common/pico_time/time.c.obj
                0x0000000010004160                alarm_pool_init_default
 .text.alarm_pool_get_default
                0x00000000100041c4        0x8 CMakeFiles/test.dir/Users/jonah/pico/pico-sdk/src/common/pico_time/time.c.obj
                0x00000000100041c4                alarm_pool_get_default
 .text.alarm_pool_add_alarm_at
                0x00000000100041cc      0x194 CMakeFiles/test.dir/Users/jonah/pico/pico-sdk/src/common/pico_time/time.c.obj
                0x00000000100041cc                alarm_pool_add_alarm_at
 .text.sleep_until
                0x0000000010004360       0xac CMakeFiles/test.dir/Users/jonah/pico/pico-sdk/src/common/pico_time/time.c.obj
                0x0000000010004360                sleep_until
 .text.sleep_ms
                0x000000001000440c       0x38 CMakeFiles/test.dir/Users/jonah/pico/pico-sdk/src/common/pico_time/time.c.obj
                0x000000001000440c                sleep_ms
 .text.best_effort_wfe_or_timeout
                0x0000000010004444       0xd4 CMakeFiles/test.dir/Users/jonah/pico/pico-sdk/src/common/pico_time/time.c.obj
                0x0000000010004444                best_effort_wfe_or_timeout
 .text.hardware_alarm_irq_handler
                0x0000000010004518       0xb8 CMakeFiles/test.dir/Users/jonah/pico/pico-sdk/src/rp2_common/hardware_timer/timer.c.obj
 .text.hardware_alarm_claim
                0x00000000100045d0       0x18 CMakeFiles/test.dir/Users/jonah/pico/pico-sdk/src/rp2_common/hardware_timer/timer.c.obj
                0x00000000100045d0                hardware_alarm_claim
 .text.time_us_64
                0x00000000100045e8       0x14 CMakeFiles/test.dir/Users/jonah/pico/pico-sdk/src/rp2_common/hardware_timer/timer.c.obj
                0x00000000100045e8                time_us_64
 .text.busy_wait_until
                0x00000000100045fc       0x20 CMakeFiles/test.dir/Users/jonah/pico/pico-sdk/src/rp2_common/hardware_timer/timer.c.obj
                0x00000000100045fc                busy_wait_until
 .text.hardware_alarm_set_callback
                0x000000001000461c       0x8c CMakeFiles/test.dir/Users/jonah/pico/pico-sdk/src/rp2_common/hardware_timer/timer.c.obj
                0x000000001000461c                hardware_alarm_set_callback
 .text.hardware_alarm_set_target
                0x00000000100046a8       0xe0 CMakeFiles/test.dir/Users/jonah/pico/pico-sdk/src/rp2_common/hardware_timer/timer.c.obj
                0x00000000100046a8                hardware_alarm_set_target
 .text.hardware_alarm_cancel
                0x0000000010004788       0x3c CMakeFiles/test.dir/Users/jonah/pico/pico-sdk/src/rp2_common/hardware_timer/timer.c.obj
                0x0000000010004788                hardware_alarm_cancel
 .text.ph_merge_nodes
                0x00000000100047c4       0x68 CMakeFiles/test.dir/Users/jonah/pico/pico-sdk/src/common/pico_util/pheap.c.obj
 .text.ph_post_alloc_init
                0x000000001000482c       0x3c CMakeFiles/test.dir/Users/jonah/pico/pico-sdk/src/common/pico_util/pheap.c.obj
                0x000000001000482c                ph_post_alloc_init
 .text.ph_merge_two_pass
                0x0000000010004868       0x90 CMakeFiles/test.dir/Users/jonah/pico/pico-sdk/src/common/pico_util/pheap.c.obj
                0x0000000010004868                ph_merge_two_pass
 .text.ph_remove_any_head
                0x00000000100048f8       0xf8 CMakeFiles/test.dir/Users/jonah/pico/pico-sdk/src/common/pico_util/pheap.c.obj
 .text.ph_remove_head
                0x00000000100049f0       0xfc CMakeFiles/test.dir/Users/jonah/pico/pico-sdk/src/common/pico_util/pheap.c.obj
                0x00000000100049f0                ph_remove_head
 .text.ph_remove_and_free_node
                0x0000000010004aec       0x7c CMakeFiles/test.dir/Users/jonah/pico/pico-sdk/src/common/pico_util/pheap.c.obj
                0x0000000010004aec                ph_remove_and_free_node
 .text.mutex_init
                0x0000000010004b68       0x1c CMakeFiles/test.dir/Users/jonah/pico/pico-sdk/src/common/pico_sync/mutex.c.obj
                0x0000000010004b68                mutex_init
 .text.recursive_mutex_init
                0x0000000010004b84       0x1c CMakeFiles/test.dir/Users/jonah/pico/pico-sdk/src/common/pico_sync/mutex.c.obj
                0x0000000010004b84                recursive_mutex_init
 .text.critical_section_init
                0x0000000010004ba0       0x20 CMakeFiles/test.dir/Users/jonah/pico/pico-sdk/src/common/pico_sync/critical_section.c.obj
                0x0000000010004ba0                critical_section_init
 .text.runtime_init
                0x0000000010004bc0       0xf0 CMakeFiles/test.dir/Users/jonah/pico/pico-sdk/src/rp2_common/pico_runtime/runtime.c.obj
                0x0000000010004bc0                runtime_init
 .text._sbrk    0x0000000010004cb0       0x34 CMakeFiles/test.dir/Users/jonah/pico/pico-sdk/src/rp2_common/pico_runtime/runtime.c.obj
                0x0000000010004cb0                _sbrk
 .text.exit     0x0000000010004ce4        0x4 CMakeFiles/test.dir/Users/jonah/pico/pico-sdk/src/rp2_common/pico_runtime/runtime.c.obj
                0x0000000010004ce4                exit
 .text.panic    0x0000000010004ce8       0x30 CMakeFiles/test.dir/Users/jonah/pico/pico-sdk/src/rp2_common/pico_runtime/runtime.c.obj
                0x0000000010004ce8                panic
 .text.hard_assertion_failure
                0x0000000010004d18        0xc CMakeFiles/test.dir/Users/jonah/pico/pico-sdk/src/rp2_common/pico_runtime/runtime.c.obj
                0x0000000010004d18                hard_assertion_failure
 .text.clocks_init
                0x0000000010004d24      0x2bc CMakeFiles/test.dir/Users/jonah/pico/pico-sdk/src/rp2_common/hardware_clocks/clocks.c.obj
                0x0000000010004d24                clocks_init
 .text.clock_get_hz
                0x0000000010004fe0        0xc CMakeFiles/test.dir/Users/jonah/pico/pico-sdk/src/rp2_common/hardware_clocks/clocks.c.obj
                0x0000000010004fe0                clock_get_hz
 .text.pll_init
                0x0000000010004fec       0xb0 CMakeFiles/test.dir/Users/jonah/pico/pico-sdk/src/rp2_common/hardware_pll/pll.c.obj
                0x0000000010004fec                pll_init
 .text.watchdog_start_tick
                0x000000001000509c       0x10 CMakeFiles/test.dir/Users/jonah/pico/pico-sdk/src/rp2_common/hardware_watchdog/watchdog.c.obj
                0x000000001000509c                watchdog_start_tick
 .text.watchdog_enable
                0x00000000100050ac       0x84 CMakeFiles/test.dir/Users/jonah/pico/pico-sdk/src/rp2_common/hardware_watchdog/watchdog.c.obj
                0x00000000100050ac                watchdog_enable
 .text.watchdog_reboot
                0x0000000010005130       0x98 CMakeFiles/test.dir/Users/jonah/pico/pico-sdk/src/rp2_common/hardware_watchdog/watchdog.c.obj
                0x0000000010005130                watchdog_reboot
 .text.xosc_init
                0x00000000100051c8       0x2c CMakeFiles/test.dir/Users/jonah/pico/pico-sdk/src/rp2_common/hardware_xosc/xosc.c.obj
                0x00000000100051c8                xosc_init
 .text._out_null
                0x00000000100051f4        0x4 CMakeFiles/test.dir/Users/jonah/pico/pico-sdk/src/rp2_common/pico_printf/printf.c.obj
 .text._out_rev
                0x00000000100051f8       0x9c CMakeFiles/test.dir/Users/jonah/pico/pico-sdk/src/rp2_common/pico_printf/printf.c.obj
 .text._ntoa_format
                0x0000000010005294      0x1cc CMakeFiles/test.dir/Users/jonah/pico/pico-sdk/src/rp2_common/pico_printf/printf.c.obj
 .text._out_char
                0x0000000010005460       0x10 CMakeFiles/test.dir/Users/jonah/pico/pico-sdk/src/rp2_common/pico_printf/printf.c.obj
 .text._out_fct
                0x0000000010005470       0x10 CMakeFiles/test.dir/Users/jonah/pico/pico-sdk/src/rp2_common/pico_printf/printf.c.obj
 .text._etoa    0x0000000010005480      0x44c CMakeFiles/test.dir/Users/jonah/pico/pico-sdk/src/rp2_common/pico_printf/printf.c.obj
 .text._ftoa    0x00000000100058cc      0x398 CMakeFiles/test.dir/Users/jonah/pico/pico-sdk/src/rp2_common/pico_printf/printf.c.obj
 .text._vsnprintf
                0x0000000010005c64      0xb04 CMakeFiles/test.dir/Users/jonah/pico/pico-sdk/src/rp2_common/pico_printf/printf.c.obj
 .text.vfctprintf
                0x0000000010006768       0x20 CMakeFiles/test.dir/Users/jonah/pico/pico-sdk/src/rp2_common/pico_printf/printf.c.obj
                0x0000000010006768                vfctprintf
 .text.weak_raw_vprintf
                0x0000000010006788       0x30 CMakeFiles/test.dir/Users/jonah/pico/pico-sdk/src/rp2_common/pico_printf/printf.c.obj
                0x0000000010006788                weak_raw_vprintf
 .text          0x00000000100067b8       0x10 CMakeFiles/test.dir/Users/jonah/pico/pico-sdk/src/rp2_common/pico_bit_ops/bit_ops_aeabi.S.obj
 .text.clzsi    0x00000000100067c8        0xc CMakeFiles/test.dir/Users/jonah/pico/pico-sdk/src/rp2_common/pico_bit_ops/bit_ops_aeabi.S.obj
                0x00000000100067c8                __wrap___clz
                0x00000000100067c8                __wrap___clzsi2
                0x00000000100067c8                __wrap___clzl
 .text.ctzsi    0x00000000100067d4        0xc CMakeFiles/test.dir/Users/jonah/pico/pico-sdk/src/rp2_common/pico_bit_ops/bit_ops_aeabi.S.obj
                0x00000000100067d4                __wrap___ctzsi2
 .text.popcountsi
                0x00000000100067e0        0xc CMakeFiles/test.dir/Users/jonah/pico/pico-sdk/src/rp2_common/pico_bit_ops/bit_ops_aeabi.S.obj
                0x00000000100067e0                __wrap___popcountsi2
 .text.rom_func_lookup
                0x00000000100067ec       0x10 CMakeFiles/test.dir/Users/jonah/pico/pico-sdk/src/rp2_common/pico_bootrom/bootrom.c.obj
                0x00000000100067ec                rom_func_lookup
 .text.rom_data_lookup
                0x00000000100067fc       0x10 CMakeFiles/test.dir/Users/jonah/pico/pico-sdk/src/rp2_common/pico_bootrom/bootrom.c.obj
                0x00000000100067fc                rom_data_lookup
 .text.rom_funcs_lookup
                0x000000001000680c       0x44 CMakeFiles/test.dir/Users/jonah/pico/pico-sdk/src/rp2_common/pico_bootrom/bootrom.c.obj
                0x000000001000680c                rom_funcs_lookup
 .text.__wrap___aeabi_idiv
                0x0000000010006850       0x50 CMakeFiles/test.dir/Users/jonah/pico/pico-sdk/src/rp2_common/pico_divider/divider.S.obj
                0x0000000010006850                __wrap___aeabi_idivmod
                0x0000000010006850                divmod_s32s32
                0x0000000010006850                div_s32s32
                0x0000000010006850                __wrap___aeabi_idiv
                0x0000000010006858                divmod_s32s32_unsafe
                0x0000000010006884                divmod_s32s32_savestate
 .text.__wrap___aeabi_uidiv
                0x00000000100068a0       0x4c CMakeFiles/test.dir/Users/jonah/pico/pico-sdk/src/rp2_common/pico_divider/divider.S.obj
                0x00000000100068a0                __wrap___aeabi_uidiv
                0x00000000100068a0                __wrap___aeabi_uidivmod
                0x00000000100068a0                div_u32u32
                0x00000000100068a0                divmod_u32u32
                0x00000000100068a8                divmod_u32u32_unsafe
                0x00000000100068d0                divmod_u32u32_savestate
 .text.__wrap___aeabi_ldiv
                0x00000000100068ec      0x434 CMakeFiles/test.dir/Users/jonah/pico/pico-sdk/src/rp2_common/pico_divider/divider.S.obj
                0x00000000100068ec                __wrap___aeabi_ldivmod
                0x00000000100068ec                div_s64s64
                0x00000000100068ec                divmod_s64s64
                0x0000000010006924                divmod_u64u64
                0x0000000010006924                div_u64u64
                0x0000000010006924                __wrap___aeabi_uldivmod
                0x0000000010006934                divmod_u64u64_savestate
                0x000000001000695c                divmod_s64s64_unsafe
                0x00000000100069e4                divmod_u64u64_unsafe
 .text.__wrap___aeabi_darithmetic
                0x0000000010006d20       0x80 CMakeFiles/test.dir/Users/jonah/pico/pico-sdk/src/rp2_common/pico_double/double_aeabi.S.obj
                0x0000000010006d20                __wrap___aeabi_drsub
                0x0000000010006d26                __wrap___aeabi_dsub
                0x0000000010006d38                __wrap___aeabi_dadd
                0x0000000010006d4a                __wrap___aeabi_ddiv
                0x0000000010006d86                __wrap___aeabi_dmul
 .text.__wrap___aeabi_cdcmple
                0x0000000010006da0       0x6c CMakeFiles/test.dir/Users/jonah/pico/pico-sdk/src/rp2_common/pico_double/double_aeabi.S.obj
                0x0000000010006da0                __wrap___aeabi_cdrcmple
                0x0000000010006db0                __wrap___aeabi_cdcmple
                0x0000000010006db0                __wrap___aeabi_cdcmpeq
 .text.__wrap___aeabi_dcmpeq
                0x0000000010006e0c       0x10 CMakeFiles/test.dir/Users/jonah/pico/pico-sdk/src/rp2_common/pico_double/double_aeabi.S.obj
                0x0000000010006e0c                __wrap___aeabi_dcmpeq
 .text.__wrap___aeabi_dcmplt
                0x0000000010006e1c        0xc CMakeFiles/test.dir/Users/jonah/pico/pico-sdk/src/rp2_common/pico_double/double_aeabi.S.obj
                0x0000000010006e1c                __wrap___aeabi_dcmplt
 .text.__wrap___aeabi_dcmple
                0x0000000010006e28       0x10 CMakeFiles/test.dir/Users/jonah/pico/pico-sdk/src/rp2_common/pico_double/double_aeabi.S.obj
                0x0000000010006e28                __wrap___aeabi_dcmple
 .text.__wrap___aeabi_dcmpge
                0x0000000010006e38       0x10 CMakeFiles/test.dir/Users/jonah/pico/pico-sdk/src/rp2_common/pico_double/double_aeabi.S.obj
                0x0000000010006e38                __wrap___aeabi_dcmpge
 .text.__wrap___aeabi_dcmpgt
                0x0000000010006e48        0xa CMakeFiles/test.dir/Users/jonah/pico/pico-sdk/src/rp2_common/pico_double/double_aeabi.S.obj
                0x0000000010006e48                __wrap___aeabi_dcmpgt
 .text.__wrap___aeabi_dcmpun
                0x0000000010006e52       0x1c CMakeFiles/test.dir/Users/jonah/pico/pico-sdk/src/rp2_common/pico_double/double_aeabi.S.obj
                0x0000000010006e52                __wrap___aeabi_dcmpun
 *fill*         0x0000000010006e6e        0x2 
 .text.__wrap___aeabi_i2d
                0x0000000010006e70       0x38 CMakeFiles/test.dir/Users/jonah/pico/pico-sdk/src/rp2_common/pico_double/double_aeabi.S.obj
                0x0000000010006e70                __wrap___aeabi_ui2d
                0x0000000010006e78                __wrap___aeabi_i2d
 .text.__wrap___aeabi_d2iz
                0x0000000010006ea8       0x48 CMakeFiles/test.dir/Users/jonah/pico/pico-sdk/src/rp2_common/pico_double/double_aeabi.S.obj
                0x0000000010006ea8                __wrap___aeabi_d2iz
                0x0000000010006ea8                double2int_z
 .text.__wrap___aeabi_d2uiz
                0x0000000010006ef0       0x18 CMakeFiles/test.dir/Users/jonah/pico/pico-sdk/src/rp2_common/pico_double/double_aeabi.S.obj
                0x0000000010006ef0                double2uint
                0x0000000010006ef0                __wrap___aeabi_d2uiz
 .text.__wrap___aeabi_l2d
                0x0000000010006f08       0x18 CMakeFiles/test.dir/Users/jonah/pico/pico-sdk/src/rp2_common/pico_double/double_aeabi.S.obj
                0x0000000010006f08                __wrap___aeabi_l2d
 .text.__wrap_exp
                0x0000000010006f20       0x18 CMakeFiles/test.dir/Users/jonah/pico/pico-sdk/src/rp2_common/pico_double/double_aeabi.S.obj
                0x0000000010006f20                __wrap_exp
 .text.__wrap_log
                0x0000000010006f38       0x18 CMakeFiles/test.dir/Users/jonah/pico/pico-sdk/src/rp2_common/pico_double/double_aeabi.S.obj
                0x0000000010006f38                __wrap_log
 .text.__aeabi_double_init
                0x0000000010006f50       0x94 CMakeFiles/test.dir/Users/jonah/pico/pico-sdk/src/rp2_common/pico_double/double_init_rom.c.obj
                0x0000000010006f50                __aeabi_double_init
 .text.dpow_1   0x0000000010006fe4      0x274 CMakeFiles/test.dir/Users/jonah/pico/pico-sdk/src/rp2_common/pico_double/double_math.c.obj
 .text.dpow_int2
                0x0000000010007258       0xf8 CMakeFiles/test.dir/Users/jonah/pico/pico-sdk/src/rp2_common/pico_double/double_math.c.obj
 .text.dpow_0   0x0000000010007350      0x1cc CMakeFiles/test.dir/Users/jonah/pico/pico-sdk/src/rp2_common/pico_double/double_math.c.obj
 .text.__wrap_ldexp
                0x000000001000751c       0x4c CMakeFiles/test.dir/Users/jonah/pico/pico-sdk/src/rp2_common/pico_double/double_math.c.obj
                0x000000001000751c                __wrap_ldexp
 .text.__wrap_round
                0x0000000010007568       0xa0 CMakeFiles/test.dir/Users/jonah/pico/pico-sdk/src/rp2_common/pico_double/double_math.c.obj
                0x0000000010007568                __wrap_round
 .text.__wrap_exp2
                0x0000000010007608       0xbc CMakeFiles/test.dir/Users/jonah/pico/pico-sdk/src/rp2_common/pico_double/double_math.c.obj
                0x0000000010007608                __wrap_exp2
 .text.__wrap_pow
                0x00000000100076c4      0x314 CMakeFiles/test.dir/Users/jonah/pico/pico-sdk/src/rp2_common/pico_double/double_math.c.obj
                0x00000000100076c4                __wrap_pow
 .text.double_table_shim_on_use_helper
                0x00000000100079d8       0x2c CMakeFiles/test.dir/Users/jonah/pico/pico-sdk/src/rp2_common/pico_double/double_v1_rom_shim.S.obj
                0x00000000100079d8                double_table_shim_on_use_helper
 .text.__wrap___aeabi_dsub
                0x0000000010007a04       0x10 CMakeFiles/test.dir/Users/jonah/pico/pico-sdk/src/rp2_common/pico_double/double_v1_rom_shim.S.obj
                0x0000000010007a04                drsub_shim
                0x0000000010007a0a                dsub_shim
 .text.dadd_shim
                0x0000000010007a14      0x15c CMakeFiles/test.dir/Users/jonah/pico/pico-sdk/src/rp2_common/pico_double/double_v1_rom_shim.S.obj
                0x0000000010007a14                dadd_shim
 .text.dmul_shim
                0x0000000010007b70      0x15c CMakeFiles/test.dir/Users/jonah/pico/pico-sdk/src/rp2_common/pico_double/double_v1_rom_shim.S.obj
                0x0000000010007b70                dmul_shim
 .text.ddiv_shim
                0x0000000010007ccc      0x1b0 CMakeFiles/test.dir/Users/jonah/pico/pico-sdk/src/rp2_common/pico_double/double_v1_rom_shim.S.obj
                0x0000000010007ccc                ddiv_shim
 .text.double2uint_shim
                0x0000000010007e7c        0xe CMakeFiles/test.dir/Users/jonah/pico/pico-sdk/src/rp2_common/pico_double/double_v1_rom_shim.S.obj
                0x0000000010007e7c                double2uint_shim
                0x0000000010007e7e                double2ufix_shim
 *fill*         0x0000000010007e8a        0x2 
 .text.double2uint64_shim
                0x0000000010007e8c       0x70 CMakeFiles/test.dir/Users/jonah/pico/pico-sdk/src/rp2_common/pico_double/double_v1_rom_shim.S.obj
                0x0000000010007e8c                double2uint64_shim
                0x0000000010007e8e                double2ufix64_shim
                0x0000000010007eae                d2fix_a
 .text.x2double_shims
                0x0000000010007efc       0x90 CMakeFiles/test.dir/Users/jonah/pico/pico-sdk/src/rp2_common/pico_double/double_v1_rom_shim.S.obj
                0x0000000010007efc                uint2double_shim
                0x0000000010007efe                ufix2double_shim
                0x0000000010007f04                int2double_shim
                0x0000000010007f06                fix2double_shim
                0x0000000010007f0c                uint642double_shim
                0x0000000010007f0e                ufix642double_shim
                0x0000000010007f14                int642double_shim
                0x0000000010007f16                fix642double_shim
 .text.dunpacks
                0x0000000010007f8c       0x3c CMakeFiles/test.dir/Users/jonah/pico/pico-sdk/src/rp2_common/pico_double/double_v1_rom_shim.S.obj
                0x0000000010007f8c                dunpacks
 .text.dreduce  0x0000000010007fc8       0x82 CMakeFiles/test.dir/Users/jonah/pico/pico-sdk/src/rp2_common/pico_double/double_v1_rom_shim.S.obj
                0x0000000010007fc8                dreduce
 *fill*         0x000000001000804a        0x2 
 .text.dexp_guts
                0x000000001000804c      0x268 CMakeFiles/test.dir/Users/jonah/pico/pico-sdk/src/rp2_common/pico_double/double_v1_rom_shim.S.obj
                0x000000001000804c                dexp_shim
                0x00000000100080e8                dln_shim
 .text.__aeabi_lmul
                0x00000000100082b4       0x32 CMakeFiles/test.dir/Users/jonah/pico/pico-sdk/src/rp2_common/pico_int64_ops/pico_int64_ops_aeabi.S.obj
                0x00000000100082b4                __wrap___aeabi_lmul
 *fill*         0x00000000100082e6        0x2 
 .text.__aeabi_float_init
                0x00000000100082e8       0x64 CMakeFiles/test.dir/Users/jonah/pico/pico-sdk/src/rp2_common/pico_float/float_init_rom.c.obj
                0x00000000100082e8                __aeabi_float_init
 .text.float_table_shim_on_use_helper
                0x000000001000834c       0x2c CMakeFiles/test.dir/Users/jonah/pico/pico-sdk/src/rp2_common/pico_float/float_v1_rom_shim.S.obj
                0x000000001000834c                float_table_shim_on_use_helper
 .text.__wrap_malloc
                0x0000000010008378       0x24 CMakeFiles/test.dir/Users/jonah/pico/pico-sdk/src/rp2_common/pico_malloc/pico_malloc.c.obj
                0x0000000010008378                __wrap_malloc
 .text.__wrap_realloc
                0x000000001000839c       0x24 CMakeFiles/test.dir/Users/jonah/pico/pico-sdk/src/rp2_common/pico_malloc/pico_malloc.c.obj
                0x000000001000839c                __wrap_realloc
 .text.__wrap_free
                0x00000000100083c0        0x8 CMakeFiles/test.dir/Users/jonah/pico/pico-sdk/src/rp2_common/pico_malloc/pico_malloc.c.obj
                0x00000000100083c0                __wrap_free
 .text          0x00000000100083c8       0x10 CMakeFiles/test.dir/Users/jonah/pico/pico-sdk/src/rp2_common/pico_mem_ops/mem_ops_aeabi.S.obj
                0x00000000100083c8                __aeabi_mem_init
 .text.memset   0x00000000100083d8        0xc CMakeFiles/test.dir/Users/jonah/pico/pico-sdk/src/rp2_common/pico_mem_ops/mem_ops_aeabi.S.obj
                0x00000000100083d8                __wrap_memset
 .text.memcpy   0x00000000100083e4        0xc CMakeFiles/test.dir/Users/jonah/pico/pico-sdk/src/rp2_common/pico_mem_ops/mem_ops_aeabi.S.obj
                0x00000000100083e4                __wrap___aeabi_memcpy
                0x00000000100083e4                __wrap_memcpy
 .text._Znwj    0x00000000100083f0        0x8 CMakeFiles/test.dir/Users/jonah/pico/pico-sdk/src/rp2_common/pico_standard_link/new_delete.cpp.obj
                0x00000000100083f0                operator new(unsigned int)
 .text.stdio_out_chars_no_crlf
                0x00000000100083f8       0x10 CMakeFiles/test.dir/Users/jonah/pico/pico-sdk/src/rp2_common/pico_stdio/stdio.c.obj
 .text.stdio_out_chars_crlf
                0x0000000010008408       0xb4 CMakeFiles/test.dir/Users/jonah/pico/pico-sdk/src/rp2_common/pico_stdio/stdio.c.obj
 .text.stdio_buffered_printer
                0x00000000100084bc       0x64 CMakeFiles/test.dir/Users/jonah/pico/pico-sdk/src/rp2_common/pico_stdio/stdio.c.obj
 .text.stdio_put_string.isra.0
                0x0000000010008520       0xfc CMakeFiles/test.dir/Users/jonah/pico/pico-sdk/src/rp2_common/pico_stdio/stdio.c.obj
 .text.__wrap_putchar
                0x000000001000861c       0xa0 CMakeFiles/test.dir/Users/jonah/pico/pico-sdk/src/rp2_common/pico_stdio/stdio.c.obj
                0x000000001000861c                __wrap_putchar
 .text.__wrap_puts
                0x00000000100086bc       0x3c CMakeFiles/test.dir/Users/jonah/pico/pico-sdk/src/rp2_common/pico_stdio/stdio.c.obj
                0x00000000100086bc                __wrap_puts
 .text.stdio_set_driver_enabled
                0x00000000100086f8       0x30 CMakeFiles/test.dir/Users/jonah/pico/pico-sdk/src/rp2_common/pico_stdio/stdio.c.obj
                0x00000000100086f8                stdio_set_driver_enabled
 .text.__wrap_vprintf
                0x0000000010008728       0xd8 CMakeFiles/test.dir/Users/jonah/pico/pico-sdk/src/rp2_common/pico_stdio/stdio.c.obj
                0x0000000010008728                __wrap_vprintf
 .text.__wrap_printf
                0x0000000010008800       0x18 CMakeFiles/test.dir/Users/jonah/pico/pico-sdk/src/rp2_common/pico_stdio/stdio.c.obj
                0x0000000010008800                __wrap_printf
 .text.stdio_init_all
                0x0000000010008818        0x8 CMakeFiles/test.dir/Users/jonah/pico/pico-sdk/src/rp2_common/pico_stdio/stdio.c.obj
                0x0000000010008818                stdio_init_all
 .text.resetd_init
                0x0000000010008820        0x4 CMakeFiles/test.dir/Users/jonah/pico/pico-sdk/src/rp2_common/pico_stdio_usb/reset_interface.c.obj
 .text.resetd_reset
                0x0000000010008824        0xc CMakeFiles/test.dir/Users/jonah/pico/pico-sdk/src/rp2_common/pico_stdio_usb/reset_interface.c.obj
 .text.resetd_open
                0x0000000010008830       0x28 CMakeFiles/test.dir/Users/jonah/pico/pico-sdk/src/rp2_common/pico_stdio_usb/reset_interface.c.obj
 .text.resetd_xfer_cb
                0x0000000010008858        0x4 CMakeFiles/test.dir/Users/jonah/pico/pico-sdk/src/rp2_common/pico_stdio_usb/reset_interface.c.obj
 .text.resetd_control_xfer_cb
                0x000000001000885c       0x64 CMakeFiles/test.dir/Users/jonah/pico/pico-sdk/src/rp2_common/pico_stdio_usb/reset_interface.c.obj
 .text.usbd_app_driver_get_cb
                0x00000000100088c0        0xc CMakeFiles/test.dir/Users/jonah/pico/pico-sdk/src/rp2_common/pico_stdio_usb/reset_interface.c.obj
                0x00000000100088c0                usbd_app_driver_get_cb
 .text.tud_cdc_line_coding_cb
                0x00000000100088cc       0x34 CMakeFiles/test.dir/Users/jonah/pico/pico-sdk/src/rp2_common/pico_stdio_usb/reset_interface.c.obj
                0x00000000100088cc                tud_cdc_line_coding_cb
 .text.stdio_usb_in_chars
                0x0000000010008900       0x68 CMakeFiles/test.dir/Users/jonah/pico/pico-sdk/src/rp2_common/pico_stdio_usb/stdio_usb.c.obj
                0x0000000010008900                stdio_usb_in_chars
 .text.stdio_usb_out_chars
                0x0000000010008968       0xe4 CMakeFiles/test.dir/Users/jonah/pico/pico-sdk/src/rp2_common/pico_stdio_usb/stdio_usb.c.obj
 .text.timer_task
                0x0000000010008a4c       0x18 CMakeFiles/test.dir/Users/jonah/pico/pico-sdk/src/rp2_common/pico_stdio_usb/stdio_usb.c.obj
 .text.usb_irq  0x0000000010008a64       0x10 CMakeFiles/test.dir/Users/jonah/pico/pico-sdk/src/rp2_common/pico_stdio_usb/stdio_usb.c.obj
 .text.low_priority_worker_irq
                0x0000000010008a74       0x24 CMakeFiles/test.dir/Users/jonah/pico/pico-sdk/src/rp2_common/pico_stdio_usb/stdio_usb.c.obj
 .text.stdio_usb_init
                0x0000000010008a98       0xb0 CMakeFiles/test.dir/Users/jonah/pico/pico-sdk/src/rp2_common/pico_stdio_usb/stdio_usb.c.obj
                0x0000000010008a98                stdio_usb_init
 .text.tud_descriptor_device_cb
                0x0000000010008b48        0x8 CMakeFiles/test.dir/Users/jonah/pico/pico-sdk/src/rp2_common/pico_stdio_usb/stdio_usb_descriptors.c.obj
                0x0000000010008b48                tud_descriptor_device_cb
 .text.tud_descriptor_configuration_cb
                0x0000000010008b50        0x8 CMakeFiles/test.dir/Users/jonah/pico/pico-sdk/src/rp2_common/pico_stdio_usb/stdio_usb_descriptors.c.obj
                0x0000000010008b50                tud_descriptor_configuration_cb
 .text.tud_descriptor_string_cb
                0x0000000010008b58       0x74 CMakeFiles/test.dir/Users/jonah/pico/pico-sdk/src/rp2_common/pico_stdio_usb/stdio_usb_descriptors.c.obj
                0x0000000010008b58                tud_descriptor_string_cb
 .text.dcd_rp2040_irq
                0x0000000010008bcc      0x21c CMakeFiles/test.dir/Users/jonah/pico/pico-sdk/lib/tinyusb/src/portable/raspberrypi/rp2040/dcd_rp2040.c.obj
 .text.dcd_int_enable
                0x0000000010008de8        0xc CMakeFiles/test.dir/Users/jonah/pico/pico-sdk/lib/tinyusb/src/portable/raspberrypi/rp2040/dcd_rp2040.c.obj
                0x0000000010008de8                dcd_int_enable
 .text.dcd_set_address
                0x0000000010008df4       0x14 CMakeFiles/test.dir/Users/jonah/pico/pico-sdk/lib/tinyusb/src/portable/raspberrypi/rp2040/dcd_rp2040.c.obj
                0x0000000010008df4                dcd_set_address
 .text.dcd_connect
                0x0000000010008e08       0x10 CMakeFiles/test.dir/Users/jonah/pico/pico-sdk/lib/tinyusb/src/portable/raspberrypi/rp2040/dcd_rp2040.c.obj
                0x0000000010008e08                dcd_connect
 .text.dcd_init
                0x0000000010008e18      0x144 CMakeFiles/test.dir/Users/jonah/pico/pico-sdk/lib/tinyusb/src/portable/raspberrypi/rp2040/dcd_rp2040.c.obj
                0x0000000010008e18                dcd_init
 .text.dcd_edpt0_status_complete
                0x0000000010008f5c       0x1c CMakeFiles/test.dir/Users/jonah/pico/pico-sdk/lib/tinyusb/src/portable/raspberrypi/rp2040/dcd_rp2040.c.obj
                0x0000000010008f5c                dcd_edpt0_status_complete
 .text.dcd_edpt_open
                0x0000000010008f78       0xf0 CMakeFiles/test.dir/Users/jonah/pico/pico-sdk/lib/tinyusb/src/portable/raspberrypi/rp2040/dcd_rp2040.c.obj
                0x0000000010008f78                dcd_edpt_open
 .text.dcd_edpt_close_all
                0x0000000010009068       0xbc CMakeFiles/test.dir/Users/jonah/pico/pico-sdk/lib/tinyusb/src/portable/raspberrypi/rp2040/dcd_rp2040.c.obj
                0x0000000010009068                dcd_edpt_close_all
 .text.dcd_edpt_xfer
                0x0000000010009124       0x24 CMakeFiles/test.dir/Users/jonah/pico/pico-sdk/lib/tinyusb/src/portable/raspberrypi/rp2040/dcd_rp2040.c.obj
                0x0000000010009124                dcd_edpt_xfer
 .text.dcd_edpt_stall
                0x0000000010009148       0x38 CMakeFiles/test.dir/Users/jonah/pico/pico-sdk/lib/tinyusb/src/portable/raspberrypi/rp2040/dcd_rp2040.c.obj
                0x0000000010009148                dcd_edpt_stall
 .text.dcd_edpt_clear_stall
                0x0000000010009180       0x30 CMakeFiles/test.dir/Users/jonah/pico/pico-sdk/lib/tinyusb/src/portable/raspberrypi/rp2040/dcd_rp2040.c.obj
                0x0000000010009180                dcd_edpt_clear_stall
 .text._hw_endpoint_buffer_control_update32.part.0.isra.0
                0x00000000100091b0       0x1c CMakeFiles/test.dir/Users/jonah/pico/pico-sdk/lib/tinyusb/src/portable/raspberrypi/rp2040/rp2040_usb.c.obj
 .text.rp2040_usb_init
                0x00000000100091cc       0x4c CMakeFiles/test.dir/Users/jonah/pico/pico-sdk/lib/tinyusb/src/portable/raspberrypi/rp2040/rp2040_usb.c.obj
                0x00000000100091cc                rp2040_usb_init
 .text.hw_endpoint_reset_transfer
                0x0000000010009218        0xc CMakeFiles/test.dir/Users/jonah/pico/pico-sdk/lib/tinyusb/src/portable/raspberrypi/rp2040/rp2040_usb.c.obj
                0x0000000010009218                hw_endpoint_reset_transfer
 .text._hw_endpoint_buffer_control_update32
                0x0000000010009224       0x44 CMakeFiles/test.dir/Users/jonah/pico/pico-sdk/lib/tinyusb/src/portable/raspberrypi/rp2040/rp2040_usb.c.obj
                0x0000000010009224                _hw_endpoint_buffer_control_update32
 .text.hw_endpoint_xfer_start
                0x0000000010009268      0x138 CMakeFiles/test.dir/Users/jonah/pico/pico-sdk/lib/tinyusb/src/portable/raspberrypi/rp2040/rp2040_usb.c.obj
                0x0000000010009268                hw_endpoint_xfer_start
 .text.hw_endpoint_xfer_continue
                0x00000000100093a0      0x1e4 CMakeFiles/test.dir/Users/jonah/pico/pico-sdk/lib/tinyusb/src/portable/raspberrypi/rp2040/rp2040_usb.c.obj
                0x00000000100093a0                hw_endpoint_xfer_continue
 .text.tud_mounted
                0x0000000010009584       0x10 CMakeFiles/test.dir/Users/jonah/pico/pico-sdk/lib/tinyusb/src/device/usbd.c.obj
                0x0000000010009584                tud_mounted
 .text.tud_suspended
                0x0000000010009594       0x10 CMakeFiles/test.dir/Users/jonah/pico/pico-sdk/lib/tinyusb/src/device/usbd.c.obj
                0x0000000010009594                tud_suspended
 .text.tud_inited
                0x00000000100095a4        0xc CMakeFiles/test.dir/Users/jonah/pico/pico-sdk/lib/tinyusb/src/device/usbd.c.obj
                0x00000000100095a4                tud_inited
 .text.tud_init
                0x00000000100095b0       0xd8 CMakeFiles/test.dir/Users/jonah/pico/pico-sdk/lib/tinyusb/src/device/usbd.c.obj
                0x00000000100095b0                tud_init
 .text.tud_task
                0x0000000010009688      0x8ec CMakeFiles/test.dir/Users/jonah/pico/pico-sdk/lib/tinyusb/src/device/usbd.c.obj
                0x0000000010009688                tud_task
 .text.dcd_event_bus_signal
                0x0000000010009f74      0x120 CMakeFiles/test.dir/Users/jonah/pico/pico-sdk/lib/tinyusb/src/device/usbd.c.obj
                0x0000000010009f74                dcd_event_bus_signal
 .text.dcd_event_bus_reset
                0x000000001000a094       0x54 CMakeFiles/test.dir/Users/jonah/pico/pico-sdk/lib/tinyusb/src/device/usbd.c.obj
                0x000000001000a094                dcd_event_bus_reset
 .text.dcd_event_setup_received
                0x000000001000a0e8       0x50 CMakeFiles/test.dir/Users/jonah/pico/pico-sdk/lib/tinyusb/src/device/usbd.c.obj
                0x000000001000a0e8                dcd_event_setup_received
 .text.dcd_event_xfer_complete
                0x000000001000a138       0x68 CMakeFiles/test.dir/Users/jonah/pico/pico-sdk/lib/tinyusb/src/device/usbd.c.obj
                0x000000001000a138                dcd_event_xfer_complete
 .text.usbd_open_edpt_pair
                0x000000001000a1a0       0x80 CMakeFiles/test.dir/Users/jonah/pico/pico-sdk/lib/tinyusb/src/device/usbd.c.obj
                0x000000001000a1a0                usbd_open_edpt_pair
 .text.usbd_edpt_open
                0x000000001000a220       0x30 CMakeFiles/test.dir/Users/jonah/pico/pico-sdk/lib/tinyusb/src/device/usbd.c.obj
                0x000000001000a220                usbd_edpt_open
 .text.usbd_edpt_claim
                0x000000001000a250       0x64 CMakeFiles/test.dir/Users/jonah/pico/pico-sdk/lib/tinyusb/src/device/usbd.c.obj
                0x000000001000a250                usbd_edpt_claim
 .text.usbd_edpt_release
                0x000000001000a2b4       0x4c CMakeFiles/test.dir/Users/jonah/pico/pico-sdk/lib/tinyusb/src/device/usbd.c.obj
                0x000000001000a2b4                usbd_edpt_release
 .text.usbd_edpt_xfer
                0x000000001000a300       0x48 CMakeFiles/test.dir/Users/jonah/pico/pico-sdk/lib/tinyusb/src/device/usbd.c.obj
                0x000000001000a300                usbd_edpt_xfer
 .text.tud_control_status
                0x000000001000a348       0x30 CMakeFiles/test.dir/Users/jonah/pico/pico-sdk/lib/tinyusb/src/device/usbd_control.c.obj
                0x000000001000a348                tud_control_status
 .text.tud_control_xfer
                0x000000001000a378       0xbc CMakeFiles/test.dir/Users/jonah/pico/pico-sdk/lib/tinyusb/src/device/usbd_control.c.obj
                0x000000001000a378                tud_control_xfer
 .text.usbd_control_reset
                0x000000001000a434       0x14 CMakeFiles/test.dir/Users/jonah/pico/pico-sdk/lib/tinyusb/src/device/usbd_control.c.obj
                0x000000001000a434                usbd_control_reset
 .text.usbd_control_set_complete_callback
                0x000000001000a448        0xc CMakeFiles/test.dir/Users/jonah/pico/pico-sdk/lib/tinyusb/src/device/usbd_control.c.obj
                0x000000001000a448                usbd_control_set_complete_callback
 .text.usbd_control_set_request
                0x000000001000a454       0x1c CMakeFiles/test.dir/Users/jonah/pico/pico-sdk/lib/tinyusb/src/device/usbd_control.c.obj
                0x000000001000a454                usbd_control_set_request
 .text.usbd_control_xfer_cb
                0x000000001000a470       0xfc CMakeFiles/test.dir/Users/jonah/pico/pico-sdk/lib/tinyusb/src/device/usbd_control.c.obj
                0x000000001000a470                usbd_control_xfer_cb
 .text.tud_cdc_n_connected
                0x000000001000a56c       0x30 CMakeFiles/test.dir/Users/jonah/pico/pico-sdk/lib/tinyusb/src/class/cdc/cdc_device.c.obj
                0x000000001000a56c                tud_cdc_n_connected
 .text.tud_cdc_n_available
                0x000000001000a59c       0x18 CMakeFiles/test.dir/Users/jonah/pico/pico-sdk/lib/tinyusb/src/class/cdc/cdc_device.c.obj
                0x000000001000a59c                tud_cdc_n_available
 .text.tud_cdc_n_read
                0x000000001000a5b4       0x70 CMakeFiles/test.dir/Users/jonah/pico/pico-sdk/lib/tinyusb/src/class/cdc/cdc_device.c.obj
                0x000000001000a5b4                tud_cdc_n_read
 .text.tud_cdc_n_write_flush
                0x000000001000a624       0x78 CMakeFiles/test.dir/Users/jonah/pico/pico-sdk/lib/tinyusb/src/class/cdc/cdc_device.c.obj
                0x000000001000a624                tud_cdc_n_write_flush
 .text.tud_cdc_n_write
                0x000000001000a69c       0x34 CMakeFiles/test.dir/Users/jonah/pico/pico-sdk/lib/tinyusb/src/class/cdc/cdc_device.c.obj
                0x000000001000a69c                tud_cdc_n_write
 .text.tud_cdc_n_write_available
                0x000000001000a6d0       0x18 CMakeFiles/test.dir/Users/jonah/pico/pico-sdk/lib/tinyusb/src/class/cdc/cdc_device.c.obj
                0x000000001000a6d0                tud_cdc_n_write_available
 .text.cdcd_init
                0x000000001000a6e8       0x7c CMakeFiles/test.dir/Users/jonah/pico/pico-sdk/lib/tinyusb/src/class/cdc/cdc_device.c.obj
                0x000000001000a6e8                cdcd_init
 .text.cdcd_reset
                0x000000001000a764       0x2c CMakeFiles/test.dir/Users/jonah/pico/pico-sdk/lib/tinyusb/src/class/cdc/cdc_device.c.obj
                0x000000001000a764                cdcd_reset
 .text.cdcd_open
                0x000000001000a790       0xe4 CMakeFiles/test.dir/Users/jonah/pico/pico-sdk/lib/tinyusb/src/class/cdc/cdc_device.c.obj
                0x000000001000a790                cdcd_open
 .text.cdcd_control_xfer_cb
                0x000000001000a874       0xe4 CMakeFiles/test.dir/Users/jonah/pico/pico-sdk/lib/tinyusb/src/class/cdc/cdc_device.c.obj
                0x000000001000a874                cdcd_control_xfer_cb
 .text.cdcd_xfer_cb
                0x000000001000a958      0x148 CMakeFiles/test.dir/Users/jonah/pico/pico-sdk/lib/tinyusb/src/class/cdc/cdc_device.c.obj
                0x000000001000a958                cdcd_xfer_cb
 .text.tusb_init
                0x000000001000aaa0        0xc CMakeFiles/test.dir/Users/jonah/pico/pico-sdk/lib/tinyusb/src/tusb.c.obj
                0x000000001000aaa0                tusb_init
 .text.tusb_inited
                0x000000001000aaac        0x8 CMakeFiles/test.dir/Users/jonah/pico/pico-sdk/lib/tinyusb/src/tusb.c.obj
                0x000000001000aaac                tusb_inited
 .text.tu_edpt_validate
                0x000000001000aab4       0x78 CMakeFiles/test.dir/Users/jonah/pico/pico-sdk/lib/tinyusb/src/tusb.c.obj
                0x000000001000aab4                tu_edpt_validate
 .text.tu_edpt_bind_driver
                0x000000001000ab2c       0x2c CMakeFiles/test.dir/Users/jonah/pico/pico-sdk/lib/tinyusb/src/tusb.c.obj
                0x000000001000ab2c                tu_edpt_bind_driver
 .text.tu_fifo_config
                0x000000001000ab58       0x78 CMakeFiles/test.dir/Users/jonah/pico/pico-sdk/lib/tinyusb/src/common/tusb_fifo.c.obj
                0x000000001000ab58                tu_fifo_config
 .text.tu_fifo_count
                0x000000001000abd0       0x20 CMakeFiles/test.dir/Users/jonah/pico/pico-sdk/lib/tinyusb/src/common/tusb_fifo.c.obj
                0x000000001000abd0                tu_fifo_count
 .text.tu_fifo_empty
                0x000000001000abf0       0x10 CMakeFiles/test.dir/Users/jonah/pico/pico-sdk/lib/tinyusb/src/common/tusb_fifo.c.obj
                0x000000001000abf0                tu_fifo_empty
 .text.tu_fifo_remaining
                0x000000001000ac00       0x1c CMakeFiles/test.dir/Users/jonah/pico/pico-sdk/lib/tinyusb/src/common/tusb_fifo.c.obj
                0x000000001000ac00                tu_fifo_remaining
 .text.tu_fifo_read
                0x000000001000ac1c       0x9c CMakeFiles/test.dir/Users/jonah/pico/pico-sdk/lib/tinyusb/src/common/tusb_fifo.c.obj
                0x000000001000ac1c                tu_fifo_read
 .text.tu_fifo_read_n
                0x000000001000acb8      0x100 CMakeFiles/test.dir/Users/jonah/pico/pico-sdk/lib/tinyusb/src/common/tusb_fifo.c.obj
                0x000000001000acb8                tu_fifo_read_n
 .text.tu_fifo_write
                0x000000001000adb8       0x7c CMakeFiles/test.dir/Users/jonah/pico/pico-sdk/lib/tinyusb/src/common/tusb_fifo.c.obj
                0x000000001000adb8                tu_fifo_write
 .text.tu_fifo_write_n
                0x000000001000ae34      0x100 CMakeFiles/test.dir/Users/jonah/pico/pico-sdk/lib/tinyusb/src/common/tusb_fifo.c.obj
                0x000000001000ae34                tu_fifo_write_n
 .text.tu_fifo_clear
                0x000000001000af34       0x4c CMakeFiles/test.dir/Users/jonah/pico/pico-sdk/lib/tinyusb/src/common/tusb_fifo.c.obj
                0x000000001000af34                tu_fifo_clear
 .text.tu_fifo_set_overwritable
                0x000000001000af80       0x3c CMakeFiles/test.dir/Users/jonah/pico/pico-sdk/lib/tinyusb/src/common/tusb_fifo.c.obj
                0x000000001000af80                tu_fifo_set_overwritable
 .text.startup._retrieve_unique_id_on_boot
                0x000000001000afbc       0x10 CMakeFiles/test.dir/Users/jonah/pico/pico-sdk/src/rp2_common/pico_unique_id/unique_id.c.obj
 .text.pico_get_unique_board_id_string
                0x000000001000afcc      0x1a8 CMakeFiles/test.dir/Users/jonah/pico/pico-sdk/src/rp2_common/pico_unique_id/unique_id.c.obj
                0x000000001000afcc                pico_get_unique_board_id_string
 .text.flash_get_unique_id
                0x000000001000b174       0x40 CMakeFiles/test.dir/Users/jonah/pico/pico-sdk/src/rp2_common/hardware_flash/flash.c.obj
                0x000000001000b174                flash_get_unique_id
 .text.i2c_set_baudrate
                0x000000001000b1b4       0xc4 CMakeFiles/test.dir/Users/jonah/pico/pico-sdk/src/rp2_common/hardware_i2c/i2c.c.obj
                0x000000001000b1b4                i2c_set_baudrate
 .text.i2c_init
                0x000000001000b278       0x54 CMakeFiles/test.dir/Users/jonah/pico/pico-sdk/src/rp2_common/hardware_i2c/i2c.c.obj
                0x000000001000b278                i2c_init
 .text.i2c_write_blocking
                0x000000001000b2cc       0xd0 CMakeFiles/test.dir/Users/jonah/pico/pico-sdk/src/rp2_common/hardware_i2c/i2c.c.obj
                0x000000001000b2cc                i2c_write_blocking
 .text.i2c_read_blocking
                0x000000001000b39c       0xac CMakeFiles/test.dir/Users/jonah/pico/pico-sdk/src/rp2_common/hardware_i2c/i2c.c.obj
                0x000000001000b39c                i2c_read_blocking
 .text.lfs_dir_traverse_filter
                0x000000001000b448       0x74 CMakeFiles/test.dir/littlefs-lib/lfs.c.obj
 .text.lfs_dir_commit_size
                0x000000001000b4bc       0x20 CMakeFiles/test.dir/littlefs-lib/lfs.c.obj
 .text.lfs_init
                0x000000001000b4dc      0x11c CMakeFiles/test.dir/littlefs-lib/lfs.c.obj
 .text.lfs_bd_read.part.0.constprop.0
                0x000000001000b5f8      0x148 CMakeFiles/test.dir/littlefs-lib/lfs.c.obj
 .text.lfs_bd_read
                0x000000001000b740      0x1b4 CMakeFiles/test.dir/littlefs-lib/lfs.c.obj
 .text.lfs_fs_parent_match
                0x000000001000b8f4       0x4c CMakeFiles/test.dir/littlefs-lib/lfs.c.obj
 .text.lfs_dir_find_match
                0x000000001000b940       0xbc CMakeFiles/test.dir/littlefs-lib/lfs.c.obj
 .text.lfs_ctz_traverse.part.0.constprop.0
                0x000000001000b9fc       0xc4 CMakeFiles/test.dir/littlefs-lib/lfs.c.obj
 .text.lfs_ctz_find.constprop.0
                0x000000001000bac0      0x11c CMakeFiles/test.dir/littlefs-lib/lfs.c.obj
 .text.lfs_bd_flush.constprop.0
                0x000000001000bbdc      0x10c CMakeFiles/test.dir/littlefs-lib/lfs.c.obj
 .text.lfs_bd_prog.constprop.1
                0x000000001000bce8       0xc4 CMakeFiles/test.dir/littlefs-lib/lfs.c.obj
 .text.lfs_bd_prog.constprop.0
                0x000000001000bdac       0xc0 CMakeFiles/test.dir/littlefs-lib/lfs.c.obj
 .text.lfs_dir_commitattr
                0x000000001000be6c      0x208 CMakeFiles/test.dir/littlefs-lib/lfs.c.obj
 .text.lfs_dir_commit_commit
                0x000000001000c074        0xc CMakeFiles/test.dir/littlefs-lib/lfs.c.obj
 .text.lfs_dir_fetchmatch
                0x000000001000c080      0x708 CMakeFiles/test.dir/littlefs-lib/lfs.c.obj
 .text.lfs_fs_pred
                0x000000001000c788       0x80 CMakeFiles/test.dir/littlefs-lib/lfs.c.obj
 .text.lfs_dir_getgstate
                0x000000001000c808      0x11c CMakeFiles/test.dir/littlefs-lib/lfs.c.obj
 .text.lfs_dir_getslice.constprop.0
                0x000000001000c924      0x194 CMakeFiles/test.dir/littlefs-lib/lfs.c.obj
 .text.lfs_dir_getslice.constprop.1
                0x000000001000cab8      0x194 CMakeFiles/test.dir/littlefs-lib/lfs.c.obj
 .text.lfs_fs_rawtraverse.constprop.0
                0x000000001000cc4c      0x138 CMakeFiles/test.dir/littlefs-lib/lfs.c.obj
 .text.lfs_dir_find
                0x000000001000cd84      0x170 CMakeFiles/test.dir/littlefs-lib/lfs.c.obj
 .text.lfs_dir_getslice.constprop.2
                0x000000001000cef4      0x19c CMakeFiles/test.dir/littlefs-lib/lfs.c.obj
 .text.lfs_dir_commitcrc
                0x000000001000d090      0x330 CMakeFiles/test.dir/littlefs-lib/lfs.c.obj
 .text.lfs_dir_traverse.constprop.2
                0x000000001000d3c0      0x320 CMakeFiles/test.dir/littlefs-lib/lfs.c.obj
 .text.lfs_dir_traverse.constprop.0
                0x000000001000d6e0      0x150 CMakeFiles/test.dir/littlefs-lib/lfs.c.obj
 .text.lfs_alloc
                0x000000001000d830      0x604 CMakeFiles/test.dir/littlefs-lib/lfs.c.obj
 .text.lfs_dir_alloc
                0x000000001000de34       0x88 CMakeFiles/test.dir/littlefs-lib/lfs.c.obj
 .text.lfs_file_relocate
                0x000000001000debc      0x1cc CMakeFiles/test.dir/littlefs-lib/lfs.c.obj
 .text.lfs_file_rawwrite
                0x000000001000e088      0x414 CMakeFiles/test.dir/littlefs-lib/lfs.c.obj
 .text.lfs_file_flush
                0x000000001000e49c      0x12c CMakeFiles/test.dir/littlefs-lib/lfs.c.obj
 .text.lfs_file_rawread
                0x000000001000e5c8      0x324 CMakeFiles/test.dir/littlefs-lib/lfs.c.obj
 .text.lfs_dir_compact
                0x000000001000e8ec     0x1684 CMakeFiles/test.dir/littlefs-lib/lfs.c.obj
 .text.lfs_dir_commit
                0x000000001000ff70      0xa74 CMakeFiles/test.dir/littlefs-lib/lfs.c.obj
 .text.lfs_file_rawclose
                0x00000000100109e4       0xe4 CMakeFiles/test.dir/littlefs-lib/lfs.c.obj
 .text.lfs_fs_demove
                0x0000000010010ac8       0x94 CMakeFiles/test.dir/littlefs-lib/lfs.c.obj
 .text.lfs_fs_deorphan
                0x0000000010010b5c      0x1b0 CMakeFiles/test.dir/littlefs-lib/lfs.c.obj
 .text.lfs_format
                0x0000000010010d0c       0xfc CMakeFiles/test.dir/littlefs-lib/lfs.c.obj
                0x0000000010010d0c                lfs_format
 .text.lfs_mount
                0x0000000010010e08      0x21c CMakeFiles/test.dir/littlefs-lib/lfs.c.obj
                0x0000000010010e08                lfs_mount
 .text.lfs_unmount
                0x0000000010011024       0x44 CMakeFiles/test.dir/littlefs-lib/lfs.c.obj
                0x0000000010011024                lfs_unmount
 .text.lfs_file_open
                0x0000000010011068      0x278 CMakeFiles/test.dir/littlefs-lib/lfs.c.obj
                0x0000000010011068                lfs_file_open
 .text.lfs_file_close
                0x00000000100112e0       0xe4 CMakeFiles/test.dir/littlefs-lib/lfs.c.obj
                0x00000000100112e0                lfs_file_close
 .text.lfs_file_read
                0x00000000100113c4        0x8 CMakeFiles/test.dir/littlefs-lib/lfs.c.obj
                0x00000000100113c4                lfs_file_read
 .text.lfs_file_write
                0x00000000100113cc        0x8 CMakeFiles/test.dir/littlefs-lib/lfs.c.obj
                0x00000000100113cc                lfs_file_write
 .text.lfs_file_seek
                0x00000000100113d4       0x5c CMakeFiles/test.dir/littlefs-lib/lfs.c.obj
                0x00000000100113d4                lfs_file_seek
 .text.lfs_file_rewind
                0x0000000010011430       0x24 CMakeFiles/test.dir/littlefs-lib/lfs.c.obj
                0x0000000010011430                lfs_file_rewind
 .text.lfs_file_size
                0x0000000010011454       0x18 CMakeFiles/test.dir/littlefs-lib/lfs.c.obj
                0x0000000010011454                lfs_file_size
 .text.pico_hal_erase
                0x000000001001146c       0x2c CMakeFiles/test.dir/littlefs-lib/pico_hal.c.obj
 .text.pico_hal_prog
                0x0000000010011498       0x30 CMakeFiles/test.dir/littlefs-lib/pico_hal.c.obj
 .text.pico_hal_read
                0x00000000100114c8       0x30 CMakeFiles/test.dir/littlefs-lib/pico_hal.c.obj
 .text.pico_mount
                0x00000000100114f8       0x1c CMakeFiles/test.dir/littlefs-lib/pico_hal.c.obj
                0x00000000100114f8                pico_mount
 .text.pico_open
                0x0000000010011514       0x30 CMakeFiles/test.dir/littlefs-lib/pico_hal.c.obj
                0x0000000010011514                pico_open
 .text.pico_close
                0x0000000010011544       0x14 CMakeFiles/test.dir/littlefs-lib/pico_hal.c.obj
                0x0000000010011544                pico_close
 .text.pico_write
                0x0000000010011558        0x8 CMakeFiles/test.dir/littlefs-lib/pico_hal.c.obj
                0x0000000010011558                pico_write
 .text.pico_read
                0x0000000010011560        0x8 CMakeFiles/test.dir/littlefs-lib/pico_hal.c.obj
                0x0000000010011560                pico_read
 .text.pico_rewind
                0x0000000010011568        0x8 CMakeFiles/test.dir/littlefs-lib/pico_hal.c.obj
                0x0000000010011568                pico_rewind
 .text.pico_unmount
                0x0000000010011570        0x8 CMakeFiles/test.dir/littlefs-lib/pico_hal.c.obj
                0x0000000010011570                pico_unmount
 .text.pico_lseek
                0x0000000010011578        0x8 CMakeFiles/test.dir/littlefs-lib/pico_hal.c.obj
                0x0000000010011578                pico_lseek
 .text.pico_size
                0x0000000010011580        0x8 CMakeFiles/test.dir/littlefs-lib/pico_hal.c.obj
                0x0000000010011580                pico_size
 .text.atoll    0x0000000010011588        0xc /opt/homebrew/Cellar/arm-none-eabi-gcc/10.3-2021.07/gcc/bin/../lib/gcc/arm-none-eabi/10.3.1/../../../../arm-none-eabi/lib/thumb/v6-m/nofp/libc.a(lib_a-atoll.o)
                0x0000000010011588                atoll
 .text.difftime
                0x0000000010011594        0xc /opt/homebrew/Cellar/arm-none-eabi-gcc/10.3-2021.07/gcc/bin/../lib/gcc/arm-none-eabi/10.3.1/../../../../arm-none-eabi/lib/thumb/v6-m/nofp/libc.a(lib_a-difftime.o)
                0x0000000010011594                difftime
 .text.__errno  0x00000000100115a0        0xc /opt/homebrew/Cellar/arm-none-eabi-gcc/10.3-2021.07/gcc/bin/../lib/gcc/arm-none-eabi/10.3.1/../../../../arm-none-eabi/lib/thumb/v6-m/nofp/libc.a(lib_a-errno.o)
                0x00000000100115a0                __errno
 .text.malloc   0x00000000100115ac       0x14 /opt/homebrew/Cellar/arm-none-eabi-gcc/10.3-2021.07/gcc/bin/../lib/gcc/arm-none-eabi/10.3.1/../../../../arm-none-eabi/lib/thumb/v6-m/nofp/libc.a(lib_a-malloc.o)
                0x00000000100115ac                malloc
 .text.free     0x00000000100115c0       0x14 /opt/homebrew/Cellar/arm-none-eabi-gcc/10.3-2021.07/gcc/bin/../lib/gcc/arm-none-eabi/10.3.1/../../../../arm-none-eabi/lib/thumb/v6-m/nofp/libc.a(lib_a-malloc.o)
                0x00000000100115c0                free
 .text._malloc_r
                0x00000000100115d4      0x584 /opt/homebrew/Cellar/arm-none-eabi-gcc/10.3-2021.07/gcc/bin/../lib/gcc/arm-none-eabi/10.3.1/../../../../arm-none-eabi/lib/thumb/v6-m/nofp/libc.a(lib_a-mallocr.o)
                0x00000000100115d4                _malloc_r
 .text.validate_structure
                0x0000000010011b58      0x1e0 /opt/homebrew/Cellar/arm-none-eabi-gcc/10.3-2021.07/gcc/bin/../lib/gcc/arm-none-eabi/10.3.1/../../../../arm-none-eabi/lib/thumb/v6-m/nofp/libc.a(lib_a-mktime.o)
 .text.mktime   0x0000000010011d38      0x3f8 /opt/homebrew/Cellar/arm-none-eabi-gcc/10.3-2021.07/gcc/bin/../lib/gcc/arm-none-eabi/10.3.1/../../../../arm-none-eabi/lib/thumb/v6-m/nofp/libc.a(lib_a-mktime.o)
                0x0000000010011d38                mktime
 .text.__malloc_lock
                0x0000000010012130       0x10 /opt/homebrew/Cellar/arm-none-eabi-gcc/10.3-2021.07/gcc/bin/../lib/gcc/arm-none-eabi/10.3.1/../../../../arm-none-eabi/lib/thumb/v6-m/nofp/libc.a(lib_a-mlock.o)
                0x0000000010012130                __malloc_lock
 .text.__malloc_unlock
                0x0000000010012140       0x10 /opt/homebrew/Cellar/arm-none-eabi-gcc/10.3-2021.07/gcc/bin/../lib/gcc/arm-none-eabi/10.3.1/../../../../arm-none-eabi/lib/thumb/v6-m/nofp/libc.a(lib_a-mlock.o)
                0x0000000010012140                __malloc_unlock
 .text.srand    0x0000000010012150       0x14 /opt/homebrew/Cellar/arm-none-eabi-gcc/10.3-2021.07/gcc/bin/../lib/gcc/arm-none-eabi/10.3.1/../../../../arm-none-eabi/lib/thumb/v6-m/nofp/libc.a(lib_a-rand.o)
                0x0000000010012150                srand
 .text.rand     0x0000000010012164       0x34 /opt/homebrew/Cellar/arm-none-eabi-gcc/10.3-2021.07/gcc/bin/../lib/gcc/arm-none-eabi/10.3.1/../../../../arm-none-eabi/lib/thumb/v6-m/nofp/libc.a(lib_a-rand.o)
                0x0000000010012164                rand
 .text.random   0x0000000010012198       0x34 /opt/homebrew/Cellar/arm-none-eabi-gcc/10.3-2021.07/gcc/bin/../lib/gcc/arm-none-eabi/10.3.1/../../../../arm-none-eabi/lib/thumb/v6-m/nofp/libc.a(lib_a-random.o)
                0x0000000010012198                random
 .text.realloc  0x00000000100121cc       0x18 /opt/homebrew/Cellar/arm-none-eabi-gcc/10.3-2021.07/gcc/bin/../lib/gcc/arm-none-eabi/10.3.1/../../../../arm-none-eabi/lib/thumb/v6-m/nofp/libc.a(lib_a-realloc.o)
                0x00000000100121cc                realloc
 .text._realloc_r
                0x00000000100121e4      0x354 /opt/homebrew/Cellar/arm-none-eabi-gcc/10.3-2021.07/gcc/bin/../lib/gcc/arm-none-eabi/10.3.1/../../../../arm-none-eabi/lib/thumb/v6-m/nofp/libc.a(lib_a-reallocr.o)
                0x00000000100121e4                _realloc_r
 .text._sbrk_r  0x0000000010012538       0x24 /opt/homebrew/Cellar/arm-none-eabi-gcc/10.3-2021.07/gcc/bin/../lib/gcc/arm-none-eabi/10.3.1/../../../../arm-none-eabi/lib/thumb/v6-m/nofp/libc.a(lib_a-sbrkr.o)
                0x0000000010012538                _sbrk_r
 .text.strchr   0x000000001001255c       0xc0 /opt/homebrew/Cellar/arm-none-eabi-gcc/10.3-2021.07/gcc/bin/../lib/gcc/arm-none-eabi/10.3.1/../../../../arm-none-eabi/lib/thumb/v6-m/nofp/libc.a(lib_a-strchr.o)
                0x000000001001255c                strchr
 .text          0x000000001001261c       0x88 /opt/homebrew/Cellar/arm-none-eabi-gcc/10.3-2021.07/gcc/bin/../lib/gcc/arm-none-eabi/10.3.1/../../../../arm-none-eabi/lib/thumb/v6-m/nofp/libc.a(lib_a-strcmp.o)
                0x000000001001261c                strcmp
 .text.strcspn  0x00000000100126a4       0x34 /opt/homebrew/Cellar/arm-none-eabi-gcc/10.3-2021.07/gcc/bin/../lib/gcc/arm-none-eabi/10.3.1/../../../../arm-none-eabi/lib/thumb/v6-m/nofp/libc.a(lib_a-strcspn.o)
                0x00000000100126a4                strcspn
 .text.strlen   0x00000000100126d8       0x5c /opt/homebrew/Cellar/arm-none-eabi-gcc/10.3-2021.07/gcc/bin/../lib/gcc/arm-none-eabi/10.3.1/../../../../arm-none-eabi/lib/thumb/v6-m/nofp/libc.a(lib_a-strlen-stub.o)
                0x00000000100126d8                strlen
 .text.strspn   0x0000000010012734       0x34 /opt/homebrew/Cellar/arm-none-eabi-gcc/10.3-2021.07/gcc/bin/../lib/gcc/arm-none-eabi/10.3.1/../../../../arm-none-eabi/lib/thumb/v6-m/nofp/libc.a(lib_a-strspn.o)
                0x0000000010012734                strspn
 .text._strtoll_l.constprop.0
                0x0000000010012768      0x198 /opt/homebrew/Cellar/arm-none-eabi-gcc/10.3-2021.07/gcc/bin/../lib/gcc/arm-none-eabi/10.3.1/../../../../arm-none-eabi/lib/thumb/v6-m/nofp/libc.a(lib_a-strtoll.o)
 .text._strtoll_r
                0x0000000010012900        0x8 /opt/homebrew/Cellar/arm-none-eabi-gcc/10.3-2021.07/gcc/bin/../lib/gcc/arm-none-eabi/10.3.1/../../../../arm-none-eabi/lib/thumb/v6-m/nofp/libc.a(lib_a-strtoll.o)
                0x0000000010012900                _strtoll_r
 .text.strtoll  0x0000000010012908       0x18 /opt/homebrew/Cellar/arm-none-eabi-gcc/10.3-2021.07/gcc/bin/../lib/gcc/arm-none-eabi/10.3.1/../../../../arm-none-eabi/lib/thumb/v6-m/nofp/libc.a(lib_a-strtoll.o)
                0x0000000010012908                strtoll
 .text.__tzcalc_limits
                0x0000000010012920      0x1a8 /opt/homebrew/Cellar/arm-none-eabi-gcc/10.3-2021.07/gcc/bin/../lib/gcc/arm-none-eabi/10.3.1/../../../../arm-none-eabi/lib/thumb/v6-m/nofp/libc.a(lib_a-tzcalc_limits.o)
                0x0000000010012920                __tzcalc_limits
 .text.__tz_lock
                0x0000000010012ac8       0x10 /opt/homebrew/Cellar/arm-none-eabi-gcc/10.3-2021.07/gcc/bin/../lib/gcc/arm-none-eabi/10.3.1/../../../../arm-none-eabi/lib/thumb/v6-m/nofp/libc.a(lib_a-tzlock.o)
                0x0000000010012ac8                __tz_lock
 .text.__tz_unlock
                0x0000000010012ad8       0x10 /opt/homebrew/Cellar/arm-none-eabi-gcc/10.3-2021.07/gcc/bin/../lib/gcc/arm-none-eabi/10.3.1/../../../../arm-none-eabi/lib/thumb/v6-m/nofp/libc.a(lib_a-tzlock.o)
                0x0000000010012ad8                __tz_unlock
 .text._tzset_unlocked
                0x0000000010012ae8       0x10 /opt/homebrew/Cellar/arm-none-eabi-gcc/10.3-2021.07/gcc/bin/../lib/gcc/arm-none-eabi/10.3.1/../../../../arm-none-eabi/lib/thumb/v6-m/nofp/libc.a(lib_a-tzset.o)
                0x0000000010012ae8                _tzset_unlocked
 .text._tzset_unlocked_r
                0x0000000010012af8      0x350 /opt/homebrew/Cellar/arm-none-eabi-gcc/10.3-2021.07/gcc/bin/../lib/gcc/arm-none-eabi/10.3.1/../../../../arm-none-eabi/lib/thumb/v6-m/nofp/libc.a(lib_a-tzset_r.o)
                0x0000000010012af8                _tzset_unlocked_r
 .text.div      0x0000000010012e48       0x30 /opt/homebrew/Cellar/arm-none-eabi-gcc/10.3-2021.07/gcc/bin/../lib/gcc/arm-none-eabi/10.3.1/../../../../arm-none-eabi/lib/thumb/v6-m/nofp/libc.a(lib_a-div.o)
                0x0000000010012e48                div
 .text._malloc_trim_r
                0x0000000010012e78       0x9c /opt/homebrew/Cellar/arm-none-eabi-gcc/10.3-2021.07/gcc/bin/../lib/gcc/arm-none-eabi/10.3.1/../../../../arm-none-eabi/lib/thumb/v6-m/nofp/libc.a(lib_a-freer.o)
                0x0000000010012e78                _malloc_trim_r
 .text._free_r  0x0000000010012f14      0x1c4 /opt/homebrew/Cellar/arm-none-eabi-gcc/10.3-2021.07/gcc/bin/../lib/gcc/arm-none-eabi/10.3.1/../../../../arm-none-eabi/lib/thumb/v6-m/nofp/libc.a(lib_a-freer.o)
                0x0000000010012f14                _free_r
 .text._findenv_r
                0x00000000100130d8       0x90 /opt/homebrew/Cellar/arm-none-eabi-gcc/10.3-2021.07/gcc/bin/../lib/gcc/arm-none-eabi/10.3.1/../../../../arm-none-eabi/lib/thumb/v6-m/nofp/libc.a(lib_a-getenv_r.o)
                0x00000000100130d8                _findenv_r
 .text._getenv_r
                0x0000000010013168       0x10 /opt/homebrew/Cellar/arm-none-eabi-gcc/10.3-2021.07/gcc/bin/../lib/gcc/arm-none-eabi/10.3.1/../../../../arm-none-eabi/lib/thumb/v6-m/nofp/libc.a(lib_a-getenv_r.o)
                0x0000000010013168                _getenv_r
 .text.__gettzinfo
                0x0000000010013178        0x8 /opt/homebrew/Cellar/arm-none-eabi-gcc/10.3-2021.07/gcc/bin/../lib/gcc/arm-none-eabi/10.3.1/../../../../arm-none-eabi/lib/thumb/v6-m/nofp/libc.a(lib_a-gettzinfo.o)
                0x0000000010013178                __gettzinfo
 .text.__retarget_lock_acquire
                0x0000000010013180        0x4 /opt/homebrew/Cellar/arm-none-eabi-gcc/10.3-2021.07/gcc/bin/../lib/gcc/arm-none-eabi/10.3.1/../../../../arm-none-eabi/lib/thumb/v6-m/nofp/libc.a(lib_a-lock.o)
                0x0000000010013180                __retarget_lock_acquire
 .text.__retarget_lock_acquire_recursive
                0x0000000010013184        0x4 /opt/homebrew/Cellar/arm-none-eabi-gcc/10.3-2021.07/gcc/bin/../lib/gcc/arm-none-eabi/10.3.1/../../../../arm-none-eabi/lib/thumb/v6-m/nofp/libc.a(lib_a-lock.o)
                0x0000000010013184                __retarget_lock_acquire_recursive
 .text.__retarget_lock_release
                0x0000000010013188        0x4 /opt/homebrew/Cellar/arm-none-eabi-gcc/10.3-2021.07/gcc/bin/../lib/gcc/arm-none-eabi/10.3.1/../../../../arm-none-eabi/lib/thumb/v6-m/nofp/libc.a(lib_a-lock.o)
                0x0000000010013188                __retarget_lock_release
 .text.__retarget_lock_release_recursive
                0x000000001001318c        0x4 /opt/homebrew/Cellar/arm-none-eabi-gcc/10.3-2021.07/gcc/bin/../lib/gcc/arm-none-eabi/10.3.1/../../../../arm-none-eabi/lib/thumb/v6-m/nofp/libc.a(lib_a-lock.o)
                0x000000001001318c                __retarget_lock_release_recursive
 .text.siscanf  0x0000000010013190       0x50 /opt/homebrew/Cellar/arm-none-eabi-gcc/10.3-2021.07/gcc/bin/../lib/gcc/arm-none-eabi/10.3.1/../../../../arm-none-eabi/lib/thumb/v6-m/nofp/libc.a(lib_a-siscanf.o)
                0x0000000010013190                siscanf
 .text.__seofread
                0x00000000100131e0        0x4 /opt/homebrew/Cellar/arm-none-eabi-gcc/10.3-2021.07/gcc/bin/../lib/gcc/arm-none-eabi/10.3.1/../../../../arm-none-eabi/lib/thumb/v6-m/nofp/libc.a(lib_a-stdio.o)
                0x00000000100131e0                __seofread
 .text.strcpy   0x00000000100131e4       0x10 /opt/homebrew/Cellar/arm-none-eabi-gcc/10.3-2021.07/gcc/bin/../lib/gcc/arm-none-eabi/10.3.1/../../../../arm-none-eabi/lib/thumb/v6-m/nofp/libc.a(lib_a-strcpy.o)
                0x00000000100131e4                strcpy
 .text.strncmp  0x00000000100131f4       0x74 /opt/homebrew/Cellar/arm-none-eabi-gcc/10.3-2021.07/gcc/bin/../lib/gcc/arm-none-eabi/10.3.1/../../../../arm-none-eabi/lib/thumb/v6-m/nofp/libc.a(lib_a-strncmp.o)
                0x00000000100131f4                strncmp
 .text._strtoul_l.constprop.0
                0x0000000010013268      0x148 /opt/homebrew/Cellar/arm-none-eabi-gcc/10.3-2021.07/gcc/bin/../lib/gcc/arm-none-eabi/10.3.1/../../../../arm-none-eabi/lib/thumb/v6-m/nofp/libc.a(lib_a-strtoul.o)
 .text._strtoul_r
                0x00000000100133b0        0x8 /opt/homebrew/Cellar/arm-none-eabi-gcc/10.3-2021.07/gcc/bin/../lib/gcc/arm-none-eabi/10.3.1/../../../../arm-none-eabi/lib/thumb/v6-m/nofp/libc.a(lib_a-strtoul.o)
                0x00000000100133b0                _strtoul_r
 .text.strtoul  0x00000000100133b8       0x18 /opt/homebrew/Cellar/arm-none-eabi-gcc/10.3-2021.07/gcc/bin/../lib/gcc/arm-none-eabi/10.3.1/../../../../arm-none-eabi/lib/thumb/v6-m/nofp/libc.a(lib_a-strtoul.o)
                0x00000000100133b8                strtoul
 .text._sungetc_r
                0x00000000100133d0       0x84 /opt/homebrew/Cellar/arm-none-eabi-gcc/10.3-2021.07/gcc/bin/../lib/gcc/arm-none-eabi/10.3.1/../../../../arm-none-eabi/lib/thumb/v6-m/nofp/libc.a(lib_a-svfiscanf.o)
                0x00000000100133d0                _sungetc_r
 .text._sfread_r
                0x0000000010013454       0xc4 /opt/homebrew/Cellar/arm-none-eabi-gcc/10.3-2021.07/gcc/bin/../lib/gcc/arm-none-eabi/10.3.1/../../../../arm-none-eabi/lib/thumb/v6-m/nofp/libc.a(lib_a-svfiscanf.o)
                0x0000000010013454                _sfread_r
 .text.__ssvfiscanf_r
                0x0000000010013518     0x14d0 /opt/homebrew/Cellar/arm-none-eabi-gcc/10.3-2021.07/gcc/bin/../lib/gcc/arm-none-eabi/10.3.1/../../../../arm-none-eabi/lib/thumb/v6-m/nofp/libc.a(lib_a-svfiscanf.o)
                0x0000000010013518                __ssvfiscanf_r
 .text.__submore
                0x00000000100149e8       0x84 /opt/homebrew/Cellar/arm-none-eabi-gcc/10.3-2021.07/gcc/bin/../lib/gcc/arm-none-eabi/10.3.1/../../../../arm-none-eabi/lib/thumb/v6-m/nofp/libc.a(lib_a-ungetc.o)
                0x00000000100149e8                __submore
 .text.__env_lock
                0x0000000010014a6c       0x10 /opt/homebrew/Cellar/arm-none-eabi-gcc/10.3-2021.07/gcc/bin/../lib/gcc/arm-none-eabi/10.3.1/../../../../arm-none-eabi/lib/thumb/v6-m/nofp/libc.a(lib_a-envlock.o)
                0x0000000010014a6c                __env_lock
 .text.__env_unlock
                0x0000000010014a7c       0x10 /opt/homebrew/Cellar/arm-none-eabi-gcc/10.3-2021.07/gcc/bin/../lib/gcc/arm-none-eabi/10.3.1/../../../../arm-none-eabi/lib/thumb/v6-m/nofp/libc.a(lib_a-envlock.o)
                0x0000000010014a7c                __env_unlock
 .text.iswspace
                0x0000000010014a8c        0xc /opt/homebrew/Cellar/arm-none-eabi-gcc/10.3-2021.07/gcc/bin/../lib/gcc/arm-none-eabi/10.3.1/../../../../arm-none-eabi/lib/thumb/v6-m/nofp/libc.a(lib_a-iswspace.o)
                0x0000000010014a8c                iswspace
 .text.iswspace_l
                0x0000000010014a98       0x18 /opt/homebrew/Cellar/arm-none-eabi-gcc/10.3-2021.07/gcc/bin/../lib/gcc/arm-none-eabi/10.3.1/../../../../arm-none-eabi/lib/thumb/v6-m/nofp/libc.a(lib_a-iswspace_l.o)
                0x0000000010014a98                iswspace_l
 .text.__locale_mb_cur_max
                0x0000000010014ab0       0x10 /opt/homebrew/Cellar/arm-none-eabi-gcc/10.3-2021.07/gcc/bin/../lib/gcc/arm-none-eabi/10.3.1/../../../../arm-none-eabi/lib/thumb/v6-m/nofp/libc.a(lib_a-locale.o)
                0x0000000010014ab0                __locale_mb_cur_max
 .text._mbrtowc_r
                0x0000000010014ac0       0x4c /opt/homebrew/Cellar/arm-none-eabi-gcc/10.3-2021.07/gcc/bin/../lib/gcc/arm-none-eabi/10.3.1/../../../../arm-none-eabi/lib/thumb/v6-m/nofp/libc.a(lib_a-mbrtowc.o)
                0x0000000010014ac0                _mbrtowc_r
 .text.__ascii_mbtowc
                0x0000000010014b0c       0x2c /opt/homebrew/Cellar/arm-none-eabi-gcc/10.3-2021.07/gcc/bin/../lib/gcc/arm-none-eabi/10.3.1/../../../../arm-none-eabi/lib/thumb/v6-m/nofp/libc.a(lib_a-mbtowc_r.o)
                0x0000000010014b0c                __ascii_mbtowc
 .text.__sccl   0x0000000010014b38       0x80 /opt/homebrew/Cellar/arm-none-eabi-gcc/10.3-2021.07/gcc/bin/../lib/gcc/arm-none-eabi/10.3.1/../../../../arm-none-eabi/lib/thumb/v6-m/nofp/libc.a(lib_a-sccl.o)
                0x0000000010014b38                __sccl
 .text._strtol_l.part.0
                0x0000000010014bb8      0x144 /opt/homebrew/Cellar/arm-none-eabi-gcc/10.3-2021.07/gcc/bin/../lib/gcc/arm-none-eabi/10.3.1/../../../../arm-none-eabi/lib/thumb/v6-m/nofp/libc.a(lib_a-strtol.o)
 .text._strtol_r
                0x0000000010014cfc       0x1c /opt/homebrew/Cellar/arm-none-eabi-gcc/10.3-2021.07/gcc/bin/../lib/gcc/arm-none-eabi/10.3.1/../../../../arm-none-eabi/lib/thumb/v6-m/nofp/libc.a(lib_a-strtol.o)
                0x0000000010014cfc                _strtol_r
 .text._strtoull_l.constprop.0
                0x0000000010014d18      0x1bc /opt/homebrew/Cellar/arm-none-eabi-gcc/10.3-2021.07/gcc/bin/../lib/gcc/arm-none-eabi/10.3.1/../../../../arm-none-eabi/lib/thumb/v6-m/nofp/libc.a(lib_a-strtoull.o)
 .text._strtoull_r
                0x0000000010014ed4        0x8 /opt/homebrew/Cellar/arm-none-eabi-gcc/10.3-2021.07/gcc/bin/../lib/gcc/arm-none-eabi/10.3.1/../../../../arm-none-eabi/lib/thumb/v6-m/nofp/libc.a(lib_a-strtoull.o)
                0x0000000010014ed4                _strtoull_r
 .text.__ascii_wctomb
                0x0000000010014edc       0x1c /opt/homebrew/Cellar/arm-none-eabi-gcc/10.3-2021.07/gcc/bin/../lib/gcc/arm-none-eabi/10.3.1/../../../../arm-none-eabi/lib/thumb/v6-m/nofp/libc.a(lib_a-wctomb_r.o)
                0x0000000010014edc                __ascii_wctomb
 *(.fini)
 .fini          0x0000000010014ef8        0x4 /opt/homebrew/Cellar/arm-none-eabi-gcc/10.3-2021.07/gcc/bin/../lib/gcc/arm-none-eabi/10.3.1/thumb/v6-m/nofp/crti.o
                0x0000000010014ef8                _fini
 *fill*         0x0000000010014efc        0x4 
 .fini.__stub   0x0000000010014f00       0xb0 linker stubs
 *crtbegin.o(.ctors)
 *crtbegin?.o(.ctors)
 *(EXCLUDE_FILE(*crtend.o *crtend?.o) .ctors)
 *(SORT_BY_NAME(.ctors.*))
 *(.ctors)
 *crtbegin.o(.dtors)
 *crtbegin?.o(.dtors)
 *(EXCLUDE_FILE(*crtend.o *crtend?.o) .dtors)
 *(SORT_BY_NAME(.dtors.*))
 *(.dtors)
 *(.eh_frame*)
 .eh_frame      0x0000000010014fb0        0x0 /opt/homebrew/Cellar/arm-none-eabi-gcc/10.3-2021.07/gcc/bin/../lib/gcc/arm-none-eabi/10.3.1/thumb/v6-m/nofp/crtbegin.o
                0x0000000010014fb0                . = ALIGN (0x4)

.glue_7         0x0000000010014fb0        0x0
 .glue_7        0x0000000010014fb0        0x0 linker stubs

.glue_7t        0x0000000010014fb0        0x0
 .glue_7t       0x0000000010014fb0        0x0 linker stubs

.vfp11_veneer   0x0000000010014fb0        0x0
 .vfp11_veneer  0x0000000010014fb0        0x0 linker stubs

.v4_bx          0x0000000010014fb0        0x0
 .v4_bx         0x0000000010014fb0        0x0 linker stubs

.iplt           0x0000000010014fb0        0x0
 .iplt          0x0000000010014fb0        0x0 /opt/homebrew/Cellar/arm-none-eabi-gcc/10.3-2021.07/gcc/bin/../lib/gcc/arm-none-eabi/10.3.1/thumb/v6-m/nofp/crtbegin.o

.rodata         0x0000000010014fb0     0x17cc
 *(EXCLUDE_FILE(*libm.a: *libc.a:*lib_a-mem*.o *libgcc.a:) .rodata*)
 .rodata._Z5setupv.str1.4
                0x0000000010014fb0       0x3e CMakeFiles/test.dir/main.cpp.obj
 *fill*         0x0000000010014fee        0x2 
 .rodata._Z9fileSetupv.str1.4
                0x0000000010014ff0      0x145 CMakeFiles/test.dir/main.cpp.obj
 *fill*         0x0000000010015135        0x3 
 .rodata._Z10phaseCheckl.str1.4
                0x0000000010015138       0x23 CMakeFiles/test.dir/main.cpp.obj
 *fill*         0x000000001001515b        0x1 
 .rodata._Z10clockSetupv.str1.4
                0x000000001001515c       0x96 CMakeFiles/test.dir/main.cpp.obj
 *fill*         0x00000000100151f2        0x2 
 .rodata._Z9algoSetupv.str1.4
                0x00000000100151f4       0xda CMakeFiles/test.dir/main.cpp.obj
 *fill*         0x00000000100152ce        0x2 
 .rodata._Z9algoSetupv
                0x00000000100152d0       0x20 CMakeFiles/test.dir/main.cpp.obj
 .rodata._Z13midnightCheckv.str1.4
                0x00000000100152f0       0x2f CMakeFiles/test.dir/main.cpp.obj
 *fill*         0x000000001001531f        0x1 
 .rodata._Z4loopv
                0x0000000010015320       0x20 CMakeFiles/test.dir/main.cpp.obj
 .rodata._Z16autoClockManagerv.str1.4
                0x0000000010015340       0x60 CMakeFiles/test.dir/main.cpp.obj
 .rodata.main.str1.4
                0x00000000100153a0       0x8b CMakeFiles/test.dir/main.cpp.obj
                                         0x8f (size before relaxing)
 *fill*         0x000000001001542b        0x1 
 .rodata.main   0x000000001001542c       0x2c CMakeFiles/test.dir/main.cpp.obj
 .rodata        0x0000000010015458       0x4b CMakeFiles/test.dir/main.cpp.obj
 *fill*         0x00000000100154a3        0x1 
 .rodata._ZN9AlgoPlain4initEv.str1.4
                0x00000000100154a4       0x2c CMakeFiles/test.dir/AlgoPlain.cpp.obj
                                         0x34 (size before relaxing)
 .rodata._ZN9AlgoPlain4initEv
                0x00000000100154d0       0x20 CMakeFiles/test.dir/AlgoPlain.cpp.obj
 .rodata._ZN9AlgoPlain4tickEi.str1.4
                0x00000000100154f0       0x1e CMakeFiles/test.dir/AlgoPlain.cpp.obj
 *fill*         0x000000001001550e        0x2 
 .rodata._ZN9AlgoReich4initEv.str1.4
                0x0000000010015510       0x38 CMakeFiles/test.dir/AlgoReich.cpp.obj
                                         0x3c (size before relaxing)
 .rodata._ZN9AlgoReich4initEv
                0x0000000010015548       0x20 CMakeFiles/test.dir/AlgoReich.cpp.obj
 .rodata._ZN9AlgoReich4tickEi.str1.4
                0x0000000010015568        0xe CMakeFiles/test.dir/AlgoReich.cpp.obj
                                         0x26 (size before relaxing)
 *fill*         0x0000000010015576        0x2 
 .rodata._ZN10AlgoSparse4initEv.str1.4
                0x0000000010015578       0x53 CMakeFiles/test.dir/AlgoSparse.cpp.obj
                                         0x5e (size before relaxing)
 *fill*         0x00000000100155cb        0x1 
 .rodata._ZN10AlgoSparse4initEv
                0x00000000100155cc       0x20 CMakeFiles/test.dir/AlgoSparse.cpp.obj
 .rodata._ZN10AlgoSparse4tickEi.str1.4
                0x00000000100155ec       0x27 CMakeFiles/test.dir/AlgoSparse.cpp.obj
 *fill*         0x0000000010015613        0x1 
 .rodata._ZN8AlgoVari4initEv.str1.4
                0x0000000010015614        0x4 CMakeFiles/test.dir/AlgoVari.cpp.obj
                                          0x8 (size before relaxing)
 .rodata._ZN8AlgoVari4initEv
                0x0000000010015618       0x20 CMakeFiles/test.dir/AlgoVari.cpp.obj
 .rodata._ZN11AlgoCulture4initEiiii.str1.4
                0x0000000010015638        0x6 CMakeFiles/test.dir/AlgoCulture.cpp.obj
                                          0xc (size before relaxing)
 *fill*         0x000000001001563e        0x2 
 .rodata._ZN11AlgoCulture4initEiiii
                0x0000000010015640       0x24 CMakeFiles/test.dir/AlgoCulture.cpp.obj
 .rodata._ZN11AlgoCulture4tickEv.str1.4
                0x0000000010015664       0x1c CMakeFiles/test.dir/AlgoCulture.cpp.obj
 .rodata        0x0000000010015680      0x200 CMakeFiles/test.dir/AlgoCulture.cpp.obj
 .rodata._ZN8AlgoOver4initEiiii.str1.4
                0x0000000010015880       0x1f CMakeFiles/test.dir/AlgoOver.cpp.obj
                                         0x23 (size before relaxing)
 *fill*         0x000000001001589f        0x1 
 .rodata._ZN8AlgoOver4tickEv.str1.4
                0x00000000100158a0        0xc CMakeFiles/test.dir/AlgoOver.cpp.obj
 .rodata        0x00000000100158ac       0x80 CMakeFiles/test.dir/AlgoOver.cpp.obj
 .rodata        0x000000001001592c       0x80 CMakeFiles/test.dir/AlgoBlocks.cpp.obj
 .rodata._ZN8AlgoWonk4tickEv.str1.4
                0x00000000100159ac        0xa CMakeFiles/test.dir/AlgoWonk.cpp.obj
 *fill*         0x00000000100159b6        0x2 
 .rodata._ZZN5Clock9initClockEvE7__bi_38
                0x00000000100159b8        0x8 CMakeFiles/test.dir/Clock.cpp.obj
 .rodata.spin_lock_claim_unused.str1.4